Last login: Wed Jun  7 16:55:33 on ttys000

The default interactive shell is now zsh.
To update your account to use zsh, please run `chsh -s /bin/zsh`.
For more details, please visit https://support.apple.com/kb/HT208050.
users-MacBook-Pro:~ luismenendez$ npm install -g yarn

added 1 package in 5s
users-MacBook-Pro:~ luismenendez$ yarn-v
-bash: yarn-v: command not found
users-MacBook-Pro:~ luismenendez$ yarn -v
1.22.19
users-MacBook-Pro:~ luismenendez$ yarn --version
1.22.19
users-MacBook-Pro:~ luismenendez$ clear









users-MacBook-Pro:~ luismenendez$ npm install -g yarn

changed 1 package in 1s
users-MacBook-Pro:~ luismenendez$ yarn -v
1.22.19
users-MacBook-Pro:~ luismenendez$ yarn --version
1.22.19
users-MacBook-Pro:~ luismenendez$ cd ~/Documents/coderhouse/39715/
users-MacBook-Pro:39715 luismenendez$ ls
clase32	clase33
users-MacBook-Pro:39715 luismenendez$ cd clase33/
users-MacBook-Pro:clase33 luismenendez$ ls
users-MacBook-Pro:clase33 luismenendez$ mkdir ejemploYarn
users-MacBook-Pro:clase33 luismenendez$ cd ejemploYarn/
users-MacBook-Pro:ejemploYarn luismenendez$ ls
users-MacBook-Pro:ejemploYarn luismenendez$ clear








users-MacBook-Pro:ejemploYarn luismenendez$ yarn  init -y
yarn init v1.22.19
warning The yes flag has been set. This will automatically answer yes to all questions, which may have security implications.
success Saved package.json
âœ¨  Done in 0.04s.
users-MacBook-Pro:ejemploYarn luismenendez$ ls
package.json
users-MacBook-Pro:ejemploYarn luismenendez$ cat package.json 
{
  "name": "ejemploYarn",
  "version": "1.0.0",
  "main": "index.js",
  "license": "MIT"
}
users-MacBook-Pro:ejemploYarn luismenendez$ ls
package.json
users-MacBook-Pro:ejemploYarn luismenendez$ cd ..
users-MacBook-Pro:clase33 luismenendez$ cd ..
users-MacBook-Pro:39715 luismenendez$ code .
users-MacBook-Pro:39715 luismenendez$ ls
README.md	clase32		clase33
users-MacBook-Pro:39715 luismenendez$ cd ..
users-MacBook-Pro:coderhouse luismenendez$ ls
32230			RecursosBackend-Adoptme	clasePayments
39715			backendReview		reviewProjects
43385			clase46			unitTesting
README.md		claseAngular
users-MacBook-Pro:coderhouse luismenendez$ cd reviewProjects/
users-MacBook-Pro:reviewProjects luismenendez$ ls
fernando37750
users-MacBook-Pro:reviewProjects luismenendez$ cd fernando37750/
users-MacBook-Pro:fernando37750 luismenendez$ git -v
git version 2.39.2 (Apple Git-143)
users-MacBook-Pro:fernando37750 luismenendez$ git remote -v
fatal: not a git repository (or any of the parent directories): .git
users-MacBook-Pro:fernando37750 luismenendez$ ls
Autenticacion
practica-integradora.postman_collection (2).json
users-MacBook-Pro:fernando37750 luismenendez$ cd Autenticacion/
users-MacBook-Pro:Autenticacion luismenendez$ ls
docs			package-lock.json	public
logs			package.json		src
node_modules		postman			test
users-MacBook-Pro:Autenticacion luismenendez$ git remote -v
origin	https://github.com/Mishainx/Autenticacion.git (fetch)
origin	https://github.com/Mishainx/Autenticacion.git (push)
users-MacBook-Pro:Autenticacion luismenendez$ git pull origin main
remote: Enumerating objects: 18, done.
remote: Counting objects: 100% (18/18), done.
remote: Compressing objects: 100% (5/5), done.
remote: Total 10 (delta 4), reused 10 (delta 4), pack-reused 0
Unpacking objects: 100% (10/10), 3.25 KiB | 277.00 KiB/s, done.
From https://github.com/Mishainx/Autenticacion
 * branch            main       -> FETCH_HEAD
   389d09e..d11df56  main       -> origin/main
Updating 389d09e..d11df56
Fast-forward
 ...actica-integradora.postman_collection (3).json} |  55 ++++++++++++++++++++-
 ...640e1cab7d6b44b720aa7dbe-account-1685381147509} | Bin
 ...640e1cab7d6b44b720aa7dbe-account-1685381147510} | Bin
 ...b7d6b44b720aa7dbe-identification-1685381147505} | Bin
 ...ab7d6b44b720aa7dbe-identification-1685381147506 | Bin 0 -> 229713 bytes
 ...0e1cab7d6b44b720aa7dbe-residence-1685381147507} | Bin
 ...0e1cab7d6b44b720aa7dbe-residence-1685381147508} | Bin
 src/middlewares/multer.js                          |   3 +-
 8 files changed, 54 insertions(+), 4 deletions(-)
 rename postman/{practica-integradora.postman_collection (1).json => practica-integradora.postman_collection (3).json} (92%)
 rename public/files/documents/{banner - copia.jpg => 640e1cab7d6b44b720aa7dbe-account-1685381147509} (100%)
 rename public/files/documents/{image (5) - copia.png => 640e1cab7d6b44b720aa7dbe-account-1685381147510} (100%)
 rename public/files/documents/{banner.jpg => 640e1cab7d6b44b720aa7dbe-identification-1685381147505} (100%)
 create mode 100644 public/files/documents/640e1cab7d6b44b720aa7dbe-identification-1685381147506
 rename public/files/documents/{image (6) - copia.png => 640e1cab7d6b44b720aa7dbe-residence-1685381147507} (100%)
 rename public/files/documents/{image (7) - copia.png => 640e1cab7d6b44b720aa7dbe-residence-1685381147508} (100%)
users-MacBook-Pro:Autenticacion luismenendez$ npm start

> practica-integradora@1.0.0 start
> nodemon src/app.js

[nodemon] 2.0.22
[nodemon] to restart at any time, enter `rs`
[nodemon] watching path(s): *.*
[nodemon] watching extensions: js,mjs,json
[nodemon] starting `node src/app.js`
Usando mongo
Modo desarrollador
(node:87301) [MONGOOSE] DeprecationWarning: Mongoose: the `strictQuery` option will be switched back to `false` by default in Mongoose 7. Use `mongoose.set('strictQuery', false);` if you want to prepare for this change. Or use `mongoose.set('strictQuery', true);` to suppress this warning.
(Use `node --trace-deprecation ...` to show where the warning was created)
Conectado a MongoDB
Server running on port 8080
warning: GET en /home- 2:06:45 PM - Usuario sin autenticar
warning: GET en /home- 2:06:46 PM - Usuario sin autenticar
info: GET en /githubcallback?code=0177ad6028f012752f5f- 2:06:54 PM - Github loggin
info: GET en /products- 2:06:56 PM - Rol autorizado
info: GET en /chat- 2:10:10 PM - Rol autorizado
file:///Users/luismenendez/Documents/coderhouse/reviewProjects/fernando37750/Autenticacion/src/socket/socket.js:28
            mensajes.push(data);
            ^

ReferenceError: mensajes is not defined
    at Socket.<anonymous> (file:///Users/luismenendez/Documents/coderhouse/reviewProjects/fernando37750/Autenticacion/src/socket/socket.js:28:13)
    at Socket.emit (node:events:511:28)
    at Socket.emitUntyped (/Users/luismenendez/Documents/coderhouse/reviewProjects/fernando37750/Autenticacion/node_modules/socket.io/dist/typed-events.js:69:22)
    at /Users/luismenendez/Documents/coderhouse/reviewProjects/fernando37750/Autenticacion/node_modules/socket.io/dist/socket.js:703:39
    at process.processTicksAndRejections (node:internal/process/task_queues:77:11)

Node.js v20.2.0
[nodemon] app crashed - waiting for file changes before starting...
^C
users-MacBook-Pro:Autenticacion luismenendez$ npm start

> practica-integradora@1.0.0 start
> nodemon src/app.js

[nodemon] 2.0.22
[nodemon] to restart at any time, enter `rs`
[nodemon] watching path(s): *.*
[nodemon] watching extensions: js,mjs,json
[nodemon] starting `node src/app.js`
Usando mongo
Modo desarrollador
(node:89225) [MONGOOSE] DeprecationWarning: Mongoose: the `strictQuery` option will be switched back to `false` by default in Mongoose 7. Use `mongoose.set('strictQuery', false);` if you want to prepare for this change. Or use `mongoose.set('strictQuery', true);` to suppress this warning.
(Use `node --trace-deprecation ...` to show where the warning was created)
Conectado a MongoDB
Server running on port 8080
info: GET en /products- 2:10:43 PM - Rol autorizado
warning: GET en /realTimeProducts- 2:10:49 PM - Rol no autorizado
warning: GET en /home- 3:50:57 PM - Usuario sin autenticar
warning: GET en /home- 3:50:59 PM - Usuario sin autenticar
warning: GET en /home- 3:56:30 PM - Usuario sin autenticar
warning: GET en /home- 3:56:31 PM - Usuario sin autenticar
^C
users-MacBook-Pro:Autenticacion luismenendez$ ping www.google.com
PING www.google.com (142.250.217.196): 56 data bytes
64 bytes from 142.250.217.196: icmp_seq=0 ttl=114 time=65.224 ms
64 bytes from 142.250.217.196: icmp_seq=1 ttl=114 time=60.001 ms
64 bytes from 142.250.217.196: icmp_seq=2 ttl=114 time=109.186 ms
Request timeout for icmp_seq 3
64 bytes from 142.250.217.196: icmp_seq=4 ttl=114 time=193.949 ms
64 bytes from 142.250.217.196: icmp_seq=5 ttl=114 time=382.929 ms
64 bytes from 142.250.217.196: icmp_seq=6 ttl=114 time=56.228 ms
^C
--- www.google.com ping statistics ---
7 packets transmitted, 6 packets received, 14.3% packet loss
round-trip min/avg/max/stddev = 56.228/144.586/382.929/116.731 ms
users-MacBook-Pro:Autenticacion luismenendez$ cd ..
users-MacBook-Pro:fernando37750 luismenendez$ ls
Autenticacion
practica-integradora.postman_collection (2).json
users-MacBook-Pro:fernando37750 luismenendez$ cd ..
users-MacBook-Pro:reviewProjects luismenendez$ ls
fernando37750
users-MacBook-Pro:reviewProjects luismenendez$ ls
fernando37750
users-MacBook-Pro:reviewProjects luismenendez$ cd ..
users-MacBook-Pro:coderhouse luismenendez$ ls
32230			RecursosBackend-Adoptme	clasePayments
39715			backendReview		reviewProjects
43385			clase46			unitTesting
README.md		claseAngular
users-MacBook-Pro:coderhouse luismenendez$ cd reviewProjects/
users-MacBook-Pro:reviewProjects luismenendez$ ls
fernando37750
users-MacBook-Pro:reviewProjects luismenendez$ mkdir 37750
users-MacBook-Pro:reviewProjects luismenendez$ mv -r fernando37750/ 37750/
mv: illegal option -- r
usage: mv [-f | -i | -n] [-hv] source target
       mv [-f | -i | -n] [-v] source ... directory
users-MacBook-Pro:reviewProjects luismenendez$ mv fernando37750/ 37750/
users-MacBook-Pro:reviewProjects luismenendez$ cd 37750/
users-MacBook-Pro:37750 luismenendez$ ls
fernando37750
users-MacBook-Pro:37750 luismenendez$ git clone https://github.com/MartinSagra/Proyecto-Final-Back-End.git
Cloning into 'Proyecto-Final-Back-End'...
remote: Enumerating objects: 179, done.
remote: Counting objects: 100% (179/179), done.
remote: Compressing objects: 100% (134/134), done.
remote: Total 179 (delta 18), reused 178 (delta 17), pack-reused 0
Receiving objects: 100% (179/179), 4.30 MiB | 4.06 MiB/s, done.
Resolving deltas: 100% (18/18), done.
users-MacBook-Pro:37750 luismenendez$ cd Proyecto-Final-Back-End/
users-MacBook-Pro:Proyecto-Final-Back-End luismenendez$ npm install

added 533 packages, and audited 534 packages in 7s

88 packages are looking for funding
  run `npm fund` for details

9 vulnerabilities (1 low, 2 moderate, 6 high)

To address issues that do not require attention, run:
  npm audit fix

To address all issues (including breaking changes), run:
  npm audit fix --force

Run `npm audit` for details.
users-MacBook-Pro:Proyecto-Final-Back-End luismenendez$ code .
users-MacBook-Pro:Proyecto-Final-Back-End luismenendez$ ls
errors.log		package-lock.json	src
node_modules		package.json
users-MacBook-Pro:Proyecto-Final-Back-End luismenendez$ cd ..
users-MacBook-Pro:37750 luismenendez$ ls
Proyecto-Final-Back-End	fernando37750
users-MacBook-Pro:37750 luismenendez$ ls
Proyecto-Final-Back-End	fernando37750
users-MacBook-Pro:37750 luismenendez$ mv  Proyecto-Final-Back-End/ matias37750/
users-MacBook-Pro:37750 luismenendez$ git clone https://github.com/LucasKatz/BackendProject
Cloning into 'BackendProject'...
remote: Enumerating objects: 13997, done.
remote: Counting objects: 100% (652/652), done.
remote: Compressing objects: 100% (287/287), done.
remote: Total 13997 (delta 409), reused 588 (delta 352), pack-reused 13345
Receiving objects: 100% (13997/13997), 12.23 MiB | 7.75 MiB/s, done.
Resolving deltas: 100% (4846/4846), done.
users-MacBook-Pro:37750 luismenendez$ ls
BackendProject	fernando37750	matias37750
users-MacBook-Pro:37750 luismenendez$ mv BackendProject/ lucas37750
users-MacBook-Pro:37750 luismenendez$ cd lucas37750/
users-MacBook-Pro:lucas37750 luismenendez$ ls
Controllers		app.js			package-lock.json
DAO			auth.js			package.json
Desafio2.js		config			public
Middlewares		database		routers
Swagger			logs			static
Testing			mistakes		utils.js
users-MacBook-Pro:lucas37750 luismenendez$ npm install
npm WARN deprecated querystring@0.2.0: The querystring API is considered Legacy. new code should use the URLSearchParams API instead.

added 1039 packages, and audited 1040 packages in 3m

88 packages are looking for funding
  run `npm fund` for details

13 vulnerabilities (3 moderate, 9 high, 1 critical)

To address all issues, run:
  npm audit fix

Run `npm audit` for details.
users-MacBook-Pro:lucas37750 luismenendez$ ls
Controllers		auth.js			package.json
DAO			config			public
Desafio2.js		database		routers
Middlewares		logs			static
Swagger			mistakes		utils.js
Testing			node_modules
app.js			package-lock.json
users-MacBook-Pro:lucas37750 luismenendez$ code .
users-MacBook-Pro:lucas37750 luismenendez$ ls
Controllers		auth.js			package.json
DAO			config			public
Desafio2.js		database		routers
Middlewares		logs			static
Swagger			mistakes		utils.js
Testing			node_modules
app.js			package-lock.json
users-MacBook-Pro:lucas37750 luismenendez$ cd ..
users-MacBook-Pro:37750 luismenendez$ ls
fernando37750	lucas37750	matias37750
users-MacBook-Pro:37750 luismenendez$ git clone https://github.com/Mishainx/Autenticacion
Cloning into 'Autenticacion'...
remote: Enumerating objects: 742, done.
remote: Counting objects: 100% (20/20), done.
remote: Compressing objects: 100% (16/16), done.
remote: Total 742 (delta 6), reused 11 (delta 4), pack-reused 722
Receiving objects: 100% (742/742), 530.08 KiB | 1.42 MiB/s, done.
Resolving deltas: 100% (437/437), done.
users-MacBook-Pro:37750 luismenendez$ mv Autenticacion/ fernando37750_final
users-MacBook-Pro:37750 luismenendez$ cd fernando37750_final/
users-MacBook-Pro:fernando37750_final luismenendez$ code .
users-MacBook-Pro:fernando37750_final luismenendez$ cd ..
users-MacBook-Pro:37750 luismenendez$ ls
fernando37750		lucas37750
fernando37750_final	matias37750
users-MacBook-Pro:37750 luismenendez$ cd ..
users-MacBook-Pro:reviewProjects luismenendez$ ls
37750
users-MacBook-Pro:reviewProjects luismenendez$ cd ..
users-MacBook-Pro:coderhouse luismenendez$ ls
32230			RecursosBackend-Adoptme	clasePayments
39715			backendReview		reviewProjects
43385			clase46			unitTesting
README.md		claseAngular
users-MacBook-Pro:coderhouse luismenendez$ cd ..
users-MacBook-Pro:Documents luismenendez$ ls
CE1862DE-93A6-4336-A0AF-497D5D420C49_.env
Jasmine
Zoom
backend37570
coderhouse
devskiller
helloworld
ios
junit
typescript
variables.env
users-MacBook-Pro:Documents luismenendez$ mkdir tuvu
users-MacBook-Pro:Documents luismenendez$ cd tuvu/
users-MacBook-Pro:tuvu luismenendez$ ls
users-MacBook-Pro:tuvu luismenendez$ mkdir web
users-MacBook-Pro:tuvu luismenendez$ cd web/
users-MacBook-Pro:web luismenendez$ git clone https://github.com/Potomac-Technologies/TUVU_App_Web.git
Cloning into 'TUVU_App_Web'...
remote: Repository not found.
fatal: repository 'https://github.com/Potomac-Technologies/TUVU_App_Web.git/' not found
users-MacBook-Pro:web luismenendez$ git clone https://github.com/Potomac-Technologies/TUVU_App_Web.git
Cloning into 'TUVU_App_Web'...
remote: Repository not found.
fatal: repository 'https://github.com/Potomac-Technologies/TUVU_App_Web.git/' not found
users-MacBook-Pro:web luismenendez$ yarn
yarn install v1.22.19
info No lockfile found.
[1/4] ðŸ”  Resolving packages...
[2/4] ðŸšš  Fetching packages...
[3/4] ðŸ”—  Linking dependencies...
[4/4] ðŸ”¨  Building fresh packages...
success Saved lockfile.
âœ¨  Done in 0.14s.
users-MacBook-Pro:web luismenendez$ ls
TUVU_App_Web-staging		node_modules
TUVU_App_Web-staging.zip	yarn.lock
users-MacBook-Pro:web luismenendez$ cd TUVU_App_Web-staging
users-MacBook-Pro:TUVU_App_Web-staging luismenendez$ yarn
yarn install v1.22.19
$ npm run co:login

> @potomac-technologies/tuvu-app-web@0.0.1 co:login
> aws codeartifact login --tool npm --repository npm-private --domain potomac-technologies --namespace potomac-technologies --region us-east-1


Unable to locate credentials. You can configure credentials by running "aws configure".
error Command failed with exit code 253.
info Visit https://yarnpkg.com/en/docs/cli/install for documentation about this command.
users-MacBook-Pro:TUVU_App_Web-staging luismenendez$ code .
users-MacBook-Pro:TUVU_App_Web-staging luismenendez$ 
  [Restored Jun 16, 2023 at 4:57:12 PM]
Last login: Fri Jun 16 16:57:02 on console

The default interactive shell is now zsh.
To update your account to use zsh, please run `chsh -s /bin/zsh`.
For more details, please visit https://support.apple.com/kb/HT208050.
users-MacBook-Pro:TUVU_App_Web-staging luismenendez$ ls
  [Restored Jul 9, 2023 at 1:26:08 PM]
Last login: Sun Jul  9 13:25:59 on console
Restored session: Sat Jul  8 01:05:05 CEST 2023

The default interactive shell is now zsh.
To update your account to use zsh, please run `chsh -s /bin/zsh`.
For more details, please visit https://support.apple.com/kb/HT208050.
users-MacBook-Pro:TUVU_App_Web-staging luismenendez$ ls
README.md		index.d.ts		public			yarn.lock
babel.config.js		node_modules		src
cypress			package.json		tsconfig.json
cypress.config.ts	patches			webpack.config.js
users-MacBook-Pro:TUVU_App_Web-staging luismenendez$ cd ..
users-MacBook-Pro:web luismenendez$ ls
TUVU_App_Web-staging		bk				yarn.lock
TUVU_App_Web-staging.zip	web-app
users-MacBook-Pro:web luismenendez$ cd ..
users-MacBook-Pro:tuvu luismenendez$ ls
web
users-MacBook-Pro:tuvu luismenendez$ cd ..
users-MacBook-Pro:Documents luismenendez$ ls
CE1862DE-93A6-4336-A0AF-497D5D420C49_.env	ios
Jasmine						junit
Zoom						tuvu
backend37570					typescript
coderhouse					untitled folder
devskiller					variables.env
helloworld
users-MacBook-Pro:Documents luismenendez$ cd coderhouse/
users-MacBook-Pro:coderhouse luismenendez$ ls
32230			RecursosBackend-Adoptme	clasePayments		reviewProjects
39715			backendReview		coderHouseBackend	unitTesting
43385			clase46			contenido
README.md		claseAngular		practicaIntegradora
users-MacBook-Pro:coderhouse luismenendez$ cd 43385/
users-MacBook-Pro:43385 luismenendez$ ls
README.md	afterClass3	clase1		clase3		clase6			clase9
afterClass1	afterClass4	clase10		clase4		clase7
afterClass2	clase0		clase2		clase5		clase8
users-MacBook-Pro:43385 luismenendez$ cd clase9/
users-MacBook-Pro:clase9 luismenendez$ mkdir ejemploChat
users-MacBook-Pro:clase9 luismenendez$ cd ejemploChat/
users-MacBook-Pro:ejemploChat luismenendez$ 
users-MacBook-Pro:ejemploChat luismenendez$ code .
users-MacBook-Pro:ejemploChat luismenendez$ cd ..
users-MacBook-Pro:clase9 luismenendez$ ls
ejemploChat		motorPlantillaDemo	motordePlantilla
users-MacBook-Pro:clase9 luismenendez$ cd ..
users-MacBook-Pro:43385 luismenendez$ ls
README.md	afterClass3	clase1		clase3		clase6			clase9
afterClass1	afterClass4	clase10		clase4		clase7
afterClass2	clase0		clase2		clase5		clase8
users-MacBook-Pro:43385 luismenendez$ 
users-MacBook-Pro:43385 luismenendez$ cd ..
users-MacBook-Pro:coderhouse luismenendez$ ls
32230			RecursosBackend-Adoptme	clasePayments		reviewProjects
39715			backendReview		coderHouseBackend	unitTesting
43385			clase46			contenido
README.md		claseAngular		practicaIntegradora
users-MacBook-Pro:coderhouse luismenendez$ 
users-MacBook-Pro:coderhouse luismenendez$ mkdir alumnos
users-MacBook-Pro:coderhouse luismenendez$ 
users-MacBook-Pro:coderhouse luismenendez$ 
users-MacBook-Pro:coderhouse luismenendez$ cd alumnos/
users-MacBook-Pro:alumnos luismenendez$ 
users-MacBook-Pro:alumnos luismenendez$ git clone  https://github.com/VeronicaCasarez/desafio-socket.git
Cloning into 'desafio-socket'...
remote: Enumerating objects: 37, done.
remote: Counting objects: 100% (37/37), done.
remote: Compressing objects: 100% (22/22), done.
remote: Total 37 (delta 7), reused 37 (delta 7), pack-reused 0
Receiving objects: 100% (37/37), 35.91 KiB | 510.00 KiB/s, done.
Resolving deltas: 100% (7/7), done.
users-MacBook-Pro:alumnos luismenendez$ cd desafio-socket/
users-MacBook-Pro:desafio-socket luismenendez$ code .
users-MacBook-Pro:desafio-socket luismenendez$ npm i

added 159 packages, and audited 160 packages in 3s

25 packages are looking for funding
  run `npm fund` for details

found 0 vulnerabilities
users-MacBook-Pro:desafio-socket luismenendez$ ls
node_modules		package-lock.json	package.json		src
users-MacBook-Pro:desafio-socket luismenendez$ clear

users-MacBook-Pro:desafio-socket luismenendez$ cd ..
users-MacBook-Pro:alumnos luismenendez$ mkdir desafioWebSocket
users-MacBook-Pro:alumnos luismenendez$ cd desafioWebSocket/
users-MacBook-Pro:desafioWebSocket luismenendez$ npm init --y
Wrote to /Users/luismenendez/Documents/coderhouse/alumnos/desafioWebSocket/package.json:

{
  "name": "desafiowebsocket",
  "version": "1.0.0",
  "description": "",
  "main": "index.js",
  "scripts": {
    "test": "echo \"Error: no test specified\" && exit 1"
  },
  "keywords": [],
  "author": "",
  "license": "ISC"
}


users-MacBook-Pro:desafioWebSocket luismenendez$ code .
users-MacBook-Pro:desafioWebSocket luismenendez$ brew install mongosh
Running `brew update --auto-update`...
==> Homebrew collects anonymous analytics.
Read the analytics documentation (and how to opt-out) here:
  https://docs.brew.sh/Analytics
No analytics have been recorded yet (nor will be during this `brew` run).

==> Downloading https://formulae.brew.sh/api/formula_tap_migrations.jws.json
########################################################################################################## 100.0%
==> Auto-updated Homebrew!
Updated 3 taps (homebrew/services, homebrew/core and homebrew/cask).
==> New Formulae
adb-enhanced           crystalline            hoverfly               pylyzer                sqlpage
alass                  cycode                 ittapi                 pypy3.10               strip-nondeterminism
bacon                  driftwood              libdivsufsort          pypy3.9                trufflehog
bbot                   dysk                   libversion             python-toml            trzsz-ssh
bilix                  erg                    lr                     quictls                tzdiff
blades                 erlang@25              mailpit                rio                    webpod
blink                  espflash               mvt                    ruff-lsp               wget2
botan@2                fuc                    neonctl                runme                  woof-doom
cargo-binstall         fw                     ntbtls                 scrapy                 wpscan
cbonsai                go-feature-flag        pgrok                  sh4d0wup               xe
couchbase-shell        gotestsum              pixi                   shub                   yyjson
cppinsights            govulncheck            pop                    sickchill              zchunk
crabz                  hex                    proxygen               solr@8.11              zrok
==> New Casks
audiocupcake           ente                   maa                    rio                    ths
chatall                fedistar               mycard                 score                  whisky
drata-agent            flexoptix              picoscope              screen-studio
elektron-overbridge    glaze                  poe                    showmeyourhotkeys

You have 18 outdated formulae installed.
==> Downloading https://formulae.brew.sh/api/cask_tap_migrations.jws.json
########################################################################################################## 100.0%

==> Fetching dependencies for mongosh: brotli, c-ares, icu4c, libnghttp2, libuv, openssl@3 and node@16
==> Fetching brotli
==> Downloading https://ghcr.io/v2/homebrew/core/brotli/manifests/1.0.9
########################################################################################################## 100.0%
==> Downloading https://ghcr.io/v2/homebrew/core/brotli/blobs/sha256:ed4f61a9dc166cb1241e6b0a890298789eb564bfac1b
########################################################################################################## 100.0%
==> Fetching c-ares
==> Downloading https://ghcr.io/v2/homebrew/core/c-ares/manifests/1.19.1
########################################################################################################## 100.0%
==> Downloading https://ghcr.io/v2/homebrew/core/c-ares/blobs/sha256:504f6347444d599983e075211dee95529f7329324f3f
########################################################################################################## 100.0%
==> Fetching icu4c
==> Downloading https://ghcr.io/v2/homebrew/core/icu4c/manifests/73.2
########################################################################################################## 100.0%
==> Downloading https://ghcr.io/v2/homebrew/core/icu4c/blobs/sha256:4400e31a217d6ffcd2bd06e26ecbeed768133493bfcc4
########################################################################################################## 100.0%
==> Fetching libnghttp2
==> Downloading https://ghcr.io/v2/homebrew/core/libnghttp2/manifests/1.55.1
########################################################################################################## 100.0%
==> Downloading https://ghcr.io/v2/homebrew/core/libnghttp2/blobs/sha256:327740c936f10ab7d2e0e097d9a8450318b66f59
########################################################################################################## 100.0%
==> Fetching libuv
==> Downloading https://ghcr.io/v2/homebrew/core/libuv/manifests/1.46.0
########################################################################################################## 100.0%
==> Downloading https://ghcr.io/v2/homebrew/core/libuv/blobs/sha256:68085c874a3df5a9dc0a6a86bbce91ef370373523602f
########################################################################################################## 100.0%
==> Fetching openssl@3
==> Downloading https://ghcr.io/v2/homebrew/core/openssl/3/manifests/3.1.1_1
########################################################################################################## 100.0%
==> Downloading https://ghcr.io/v2/homebrew/core/openssl/3/blobs/sha256:a123a680d5fd22d094e2337101d3c8f8b8f78960c
########################################################################################################## 100.0%
==> Fetching node@16
==> Downloading https://ghcr.io/v2/homebrew/core/node/16/manifests/16.20.1_1
########################################################################################################## 100.0%
==> Downloading https://ghcr.io/v2/homebrew/core/node/16/blobs/sha256:ac9b85404fe342e77b3e2e9a4b35d82ed57e67ff4d8
########################################################################################################## 100.0%
==> Fetching mongosh
==> Downloading https://ghcr.io/v2/homebrew/core/mongosh/manifests/1.10.1
########################################################################################################## 100.0%
==> Downloading https://ghcr.io/v2/homebrew/core/mongosh/blobs/sha256:3a301f8342bc74c4be4745ffe932f37497858e06da0
########################################################################################################## 100.0%
==> Installing dependencies for mongosh: brotli, c-ares, icu4c, libnghttp2, libuv, openssl@3 and node@16
==> Installing mongosh dependency: brotli
==> Pouring brotli--1.0.9.ventura.bottle.tar.gz
ðŸº  /usr/local/Cellar/brotli/1.0.9: 25 files, 2.3MB
==> Installing mongosh dependency: c-ares
==> Pouring c-ares--1.19.1.ventura.bottle.tar.gz
ðŸº  /usr/local/Cellar/c-ares/1.19.1: 87 files, 661KB
==> Installing mongosh dependency: icu4c
==> Pouring icu4c--73.2.ventura.bottle.tar.gz
ðŸº  /usr/local/Cellar/icu4c/73.2: 268 files, 79.5MB
==> Installing mongosh dependency: libnghttp2
==> Pouring libnghttp2--1.55.1.ventura.bottle.tar.gz
ðŸº  /usr/local/Cellar/libnghttp2/1.55.1: 13 files, 711.4KB
==> Installing mongosh dependency: libuv
==> Pouring libuv--1.46.0.ventura.bottle.tar.gz
ðŸº  /usr/local/Cellar/libuv/1.46.0: 47 files, 3MB
==> Installing mongosh dependency: openssl@3
==> Pouring openssl@3--3.1.1_1.ventura.bottle.tar.gz
ðŸº  /usr/local/Cellar/openssl@3/3.1.1_1: 6,495 files, 29.9MB
==> Installing mongosh dependency: node@16
==> Pouring node@16--16.20.1_1.ventura.bottle.tar.gz
ðŸº  /usr/local/Cellar/node@16/16.20.1_1: 1,890 files, 49.6MB
==> Installing mongosh
==> Pouring mongosh--1.10.1.ventura.bottle.tar.gz
ðŸº  /usr/local/Cellar/mongosh/1.10.1: 9,828 files, 47.6MB
==> Running `brew cleanup mongosh`...
Disable this behaviour by setting HOMEBREW_NO_INSTALL_CLEANUP.
Hide these hints with HOMEBREW_NO_ENV_HINTS (see `man brew`).
==> Upgrading 3 dependents of upgraded formulae:
Disable this behaviour by setting HOMEBREW_NO_INSTALLED_DEPENDENTS_CHECK.
Hide these hints with HOMEBREW_NO_ENV_HINTS (see `man brew`).
glassfish 7.0.4 -> 7.0.6, harfbuzz 7.3.0 -> 8.0.1, openjdk@17 17.0.7 -> 17.0.8
==> Fetching dependencies for harfbuzz: libpng, freetype, glib, xorgproto and libx11
==> Fetching libpng
==> Downloading https://ghcr.io/v2/homebrew/core/libpng/manifests/1.6.40
########################################################################################################## 100.0%
==> Downloading https://ghcr.io/v2/homebrew/core/libpng/blobs/sha256:557a4044277365427a3f3e164de4b7376d8988bf2c06
########################################################################################################## 100.0%
==> Fetching freetype
==> Downloading https://ghcr.io/v2/homebrew/core/freetype/manifests/2.13.1
########################################################################################################## 100.0%
==> Downloading https://ghcr.io/v2/homebrew/core/freetype/blobs/sha256:872745894238fce7dba35a0add31b49b7c53150d9b
########################################################################################################## 100.0%
==> Fetching glib
==> Downloading https://ghcr.io/v2/homebrew/core/glib/manifests/2.76.4
########################################################################################################## 100.0%
==> Downloading https://ghcr.io/v2/homebrew/core/glib/blobs/sha256:7dba59479146a060f0cfeeb37672cb11acf014949af6ae
########################################################################################################## 100.0%
==> Fetching xorgproto
==> Downloading https://ghcr.io/v2/homebrew/core/xorgproto/manifests/2023.2
########################################################################################################## 100.0%
==> Downloading https://ghcr.io/v2/homebrew/core/xorgproto/blobs/sha256:de818c35cca25c4b2286a5642d5d1748320f60310
########################################################################################################## 100.0%
==> Fetching libx11
==> Downloading https://ghcr.io/v2/homebrew/core/libx11/manifests/1.8.6
########################################################################################################## 100.0%
==> Downloading https://ghcr.io/v2/homebrew/core/libx11/blobs/sha256:da763d80a33ebfbac8064a9528d9e7ccde2a4527dc48
########################################################################################################## 100.0%
==> Fetching harfbuzz
==> Downloading https://ghcr.io/v2/homebrew/core/harfbuzz/manifests/8.0.1
########################################################################################################## 100.0%
==> Downloading https://ghcr.io/v2/homebrew/core/harfbuzz/blobs/sha256:6c6019132106c3b857597a6801c8148ea80c9076f0
########################################################################################################## 100.0%
==> Fetching dependencies for openjdk@17: libtiff and little-cms2
==> Fetching libtiff
==> Downloading https://ghcr.io/v2/homebrew/core/libtiff/manifests/4.5.1
########################################################################################################## 100.0%
==> Downloading https://ghcr.io/v2/homebrew/core/libtiff/blobs/sha256:d802af35e9f79c5a0d230862219aa237761c310354c
########################################################################################################## 100.0%
==> Fetching little-cms2
==> Downloading https://ghcr.io/v2/homebrew/core/little-cms2/manifests/2.15
########################################################################################################## 100.0%
==> Downloading https://ghcr.io/v2/homebrew/core/little-cms2/blobs/sha256:c0bcd5e7befef41984d5d55ee139c807e47cb43
########################################################################################################## 100.0%
==> Fetching openjdk@17
==> Downloading https://ghcr.io/v2/homebrew/core/openjdk/17/manifests/17.0.8
########################################################################################################## 100.0%
==> Downloading https://ghcr.io/v2/homebrew/core/openjdk/17/blobs/sha256:36429051804604907b57e6ab0101f3c5cf456285
########################################################################################################## 100.0%
==> Fetching glassfish
==> Downloading https://ghcr.io/v2/homebrew/core/glassfish/manifests/7.0.6
########################################################################################################## 100.0%
==> Downloading https://ghcr.io/v2/homebrew/core/glassfish/blobs/sha256:a6748123733dccbf4f6bc468d7ce99745a6fae9a3
########################################################################################################## 100.0%
==> Upgrading harfbuzz
  7.3.0 -> 8.0.1 

==> Installing dependencies for harfbuzz: libpng, freetype, glib, xorgproto and libx11
==> Installing harfbuzz dependency: libpng
==> Pouring libpng--1.6.40.ventura.bottle.tar.gz
ðŸº  /usr/local/Cellar/libpng/1.6.40: 27 files, 1.3MB
==> Installing harfbuzz dependency: freetype
==> Pouring freetype--2.13.1.ventura.bottle.tar.gz
ðŸº  /usr/local/Cellar/freetype/2.13.1: 67 files, 2.5MB
==> Installing harfbuzz dependency: glib
==> Pouring glib--2.76.4.ventura.bottle.tar.gz
ðŸº  /usr/local/Cellar/glib/2.76.4: 455 files, 21.1MB
==> Installing harfbuzz dependency: xorgproto
==> Pouring xorgproto--2023.2.ventura.bottle.tar.gz
ðŸº  /usr/local/Cellar/xorgproto/2023.2: 267 files, 3.9MB
==> Installing harfbuzz dependency: libx11
==> Pouring libx11--1.8.6.ventura.bottle.tar.gz
ðŸº  /usr/local/Cellar/libx11/1.8.6: 1,054 files, 7.0MB
==> Installing harfbuzz
==> Pouring harfbuzz--8.0.1.ventura.bottle.tar.gz
ðŸº  /usr/local/Cellar/harfbuzz/8.0.1: 76 files, 9.4MB
==> Running `brew cleanup harfbuzz`...
Removing: /usr/local/Cellar/harfbuzz/7.3.0... (76 files, 9.4MB)
Removing: /Users/luismenendez/Library/Caches/Homebrew/harfbuzz--7.3.0... (2.4MB)
==> Upgrading openjdk@17
  17.0.7 -> 17.0.8 

==> Installing dependencies for openjdk@17: libtiff and little-cms2
==> Installing openjdk@17 dependency: libtiff
==> Pouring libtiff--4.5.1.ventura.bottle.tar.gz
ðŸº  /usr/local/Cellar/libtiff/4.5.1: 473 files, 7.8MB
==> Installing openjdk@17 dependency: little-cms2
==> Pouring little-cms2--2.15.ventura.bottle.tar.gz
ðŸº  /usr/local/Cellar/little-cms2/2.15: 21 files, 1.3MB
==> Installing openjdk@17
==> Pouring openjdk@17--17.0.8.ventura.bottle.tar.gz
ðŸº  /usr/local/Cellar/openjdk@17/17.0.8: 634 files, 304.9MB
==> Running `brew cleanup openjdk@17`...
Removing: /usr/local/Cellar/openjdk@17/17.0.7... (634 files, 304.7MB)
Removing: /Users/luismenendez/Library/Caches/Homebrew/openjdk@17--17.0.7... (179.2MB)
==> Upgrading glassfish
  7.0.4 -> 7.0.6 

==> Pouring glassfish--7.0.6.all.bottle.tar.gz
==> Caveats
You may want to add the following to your .bash_profile:
  export GLASSFISH_HOME=/usr/local/opt/glassfish/libexec
==> Summary
ðŸº  /usr/local/Cellar/glassfish/7.0.6: 1,415 files, 133.2MB
==> Running `brew cleanup glassfish`...
Removing: /usr/local/Cellar/glassfish/7.0.4... (2,363 files, 216.7MB)
==> Checking for dependents of upgraded formulae...
==> No broken dependents found!
==> `brew cleanup` has not been run in the last 30 days, running now...
Disable this behaviour by setting HOMEBREW_NO_INSTALL_CLEANUP.
Hide these hints with HOMEBREW_NO_ENV_HINTS (see `man brew`).
Removing: /Users/luismenendez/Library/Caches/Homebrew/awscli--2.12.0... (19.7MB)
Removing: /usr/local/Cellar/freetype/2.13.0_1... (67 files, 2.4MB)
Removing: /Users/luismenendez/Library/Caches/Homebrew/freetype--2.13.0_1... (943.5KB)
Removing: /usr/local/Cellar/glib/2.76.3... (455 files, 21.1MB)
Removing: /Users/luismenendez/Library/Caches/Homebrew/glib--2.76.3... (6.3MB)
Removing: /Users/luismenendez/Library/Caches/Homebrew/groonga--13.0.1... (13MB)
Removing: /usr/local/Cellar/icu4c/72.1... (263 files, 77.8MB)
Removing: /Users/luismenendez/Library/Caches/Homebrew/icu4c--72.1... (28.8MB)
Removing: /usr/local/Cellar/libpng/1.6.39... (27 files, 1.3MB)
Removing: /Users/luismenendez/Library/Caches/Homebrew/libpng--1.6.39... (442.9KB)
Removing: /usr/local/Cellar/libtiff/4.5.0... (474 files, 8MB)
Removing: /Users/luismenendez/Library/Caches/Homebrew/libtiff--4.5.0... (1.8MB)
Removing: /usr/local/Cellar/libx11/1.8.4... (1,054 files, 7.0MB)
Removing: /Users/luismenendez/Library/Caches/Homebrew/libx11--1.8.4... (2.2MB)
Removing: /usr/local/Cellar/little-cms2/2.14_1... (21 files, 1.3MB)
Removing: /usr/local/Cellar/xorgproto/2022.2... (268 files, 3.9MB)
Removing: /Users/luismenendez/Library/Logs/Homebrew/libtiff... (64B)
Removing: /Users/luismenendez/Library/Logs/Homebrew/xorgproto... (64B)
Removing: /Users/luismenendez/Library/Logs/Homebrew/libxau... (64B)
Removing: /Users/luismenendez/Library/Logs/Homebrew/little-cms2... (64B)
Removing: /Users/luismenendez/Library/Logs/Homebrew/libpng... (64B)
Removing: /Users/luismenendez/Library/Logs/Homebrew/pixman... (64B)
Removing: /Users/luismenendez/Library/Logs/Homebrew/mpdecimal... (64B)
Removing: /Users/luismenendez/Library/Logs/Homebrew/pycparser... (64B)
Removing: /Users/luismenendez/Library/Logs/Homebrew/libxdmcp... (64B)
Removing: /Users/luismenendez/Library/Logs/Homebrew/freetype... (64B)
Removing: /Users/luismenendez/Library/Logs/Homebrew/docutils... (64B)
Removing: /Users/luismenendez/Library/Logs/Homebrew/cffi... (64B)
Removing: /Users/luismenendez/Library/Logs/Homebrew/harfbuzz... (64B)
Removing: /Users/luismenendez/Library/Logs/Homebrew/glib... (64B)
Removing: /Users/luismenendez/Library/Logs/Homebrew/libxcb... (64B)
Removing: /Users/luismenendez/Library/Logs/Homebrew/readline... (64B)
Removing: /Users/luismenendez/Library/Logs/Homebrew/openjdk@17... (64B)
Removing: /Users/luismenendez/Library/Logs/Homebrew/glassfish... (64B)
Removing: /Users/luismenendez/Library/Logs/Homebrew/awscli... (64B)
Removing: /Users/luismenendez/Library/Logs/Homebrew/graphite2... (64B)
Removing: /Users/luismenendez/Library/Logs/Homebrew/cairo... (64B)
Removing: /Users/luismenendez/Library/Logs/Homebrew/sqlite... (64B)
Removing: /Users/luismenendez/Library/Logs/Homebrew/nvm... (64B)
Removing: /Users/luismenendez/Library/Logs/Homebrew/fontconfig... (1.7KB)
Removing: /Users/luismenendez/Library/Logs/Homebrew/giflib... (64B)
Removing: /Users/luismenendez/Library/Logs/Homebrew/libxrender... (64B)
Removing: /Users/luismenendez/Library/Logs/Homebrew/gettext... (64B)
Removing: /Users/luismenendez/Library/Logs/Homebrew/libxext... (64B)
Removing: /Users/luismenendez/Library/Logs/Homebrew/six... (64B)
Removing: /Users/luismenendez/Library/Logs/Homebrew/python@3.11... (2 files, 2.5KB)
Removing: /Users/luismenendez/Library/Logs/Homebrew/libx11... (64B)
Removing: /Users/luismenendez/Library/Logs/Homebrew/lzo... (64B)
Removing: /Users/luismenendez/Library/Logs/Homebrew/jpeg-turbo... (64B)
Pruned 0 symbolic links and 4 directories from /usr/local
==> Caveats
==> glassfish
You may want to add the following to your .bash_profile:
  export GLASSFISH_HOME=/usr/local/opt/glassfish/libexec
users-MacBook-Pro:desafioWebSocket luismenendez$ 
users-MacBook-Pro:desafioWebSocket luismenendez$ 
users-MacBook-Pro:desafioWebSocket luismenendez$ cd ~
users-MacBook-Pro:~ luismenendez$ ls
Applications			Library				Public
Desktop				Movies				default-soapui-workspace.xml
Documents			Music				soapui-settings.xml
Downloads			Pictures
IdeaProjects			Postman
users-MacBook-Pro:~ luismenendez$ 
users-MacBook-Pro:~ luismenendez$ ls -ltra
total 168
drwxr-xr-x+  4 luismenendez  staff    128 Mar  5 03:04 Public
-r--------   1 luismenendez  staff      7 Mar  5 03:05 .CFUserTextEncoding
drwx------@  4 luismenendez  staff    128 Mar  5 03:14 Applications
drwxr-xr-x   6 root          admin    192 May 15 01:20 ..
drwx------+  4 luismenendez  staff    128 May 15 01:22 Pictures
drwx------+  4 luismenendez  staff    128 May 16 14:44 Movies
drwxr-xr-x   7 luismenendez  staff    224 May 23 00:10 .nvm
drwxr-xr-x@  4 luismenendez  staff    128 May 23 12:44 .sonarlint
drwxr-xr-x@  3 luismenendez  staff     96 May 23 18:22 .android
drwxr-xr-x@  7 luismenendez  staff    224 May 23 18:23 .gradle
drwxr-xr-x@  3 luismenendez  staff     96 May 23 19:46 .m2
drwxr-xr-x@  4 luismenendez  staff    128 May 24 00:41 .th-client
-rw-r--r--@  1 luismenendez  staff    225 May 24 15:31 .angular-config.json
drwxr-xr-x@  4 luismenendez  staff    128 May 25 15:32 .soapuios
drwxr-xr-x@  3 luismenendez  staff     96 May 25 15:33 .openjfx
-rw-r--r--@  1 luismenendez  staff    463 May 25 16:31 .profile
drwxr-xr-x@  7 luismenendez  staff    224 May 25 16:55 IdeaProjects
drwxr-xr-x@  4 luismenendez  staff    128 May 25 17:05 .gfclient
drwx------+  4 luismenendez  staff    128 May 25 21:50 Music
-rw-r--r--@  1 luismenendez  staff   2802 May 26 17:47 soapui-settings.xml
-rw-r--r--@  1 luismenendez  staff    250 May 26 17:48 default-soapui-workspace.xml
drwxr-xr-x@  3 luismenendez  staff     96 May 27 00:28 Postman
drwxr-xr-x   6 luismenendez  staff    192 May 30 20:15 .npm
drwxr-xr-x   5 luismenendez  staff    160 Jun  6 15:58 .swiftpm
-rw-------@  1 luismenendez  staff      0 Jun  7 01:21 .node_repl_history
drwx------+ 17 luismenendez  staff    544 Jun 16 15:21 Documents
drwxr-xr-x   4 luismenendez  staff    128 Jun 16 17:07 .aws
drwxr-xr-x@  5 luismenendez  staff    160 Jun 17 00:58 .vscode
-rw-r--r--   1 luismenendez  staff     79 Jun 21 18:28 .gitconfig
-rw-------   1 luismenendez  staff  25248 Jun 23 13:51 .viminfo
-rw-------@  1 luismenendez  staff   1491 Jun 26 17:08 .npmrc
-rw-r--r--@  1 luismenendez  staff    116 Jun 26 17:08 .yarnrc
-rw-------   1 luismenendez  staff     20 Jun 27 00:34 .lesshst
drwxr-xr-x+ 42 luismenendez  staff   1344 Jun 30 00:42 .
drwxr-xr-x@  3 luismenendez  staff     96 Jun 30 00:42 .config
-rw-r--r--@  1 luismenendez  staff  10244 Jul  4 23:41 .DS_Store
drwx------+ 34 luismenendez  staff   1088 Jul  7 22:58 Desktop
drwx------  16 luismenendez  staff    512 Jul  9 13:26 .bash_sessions
drwx------@ 96 luismenendez  staff   3072 Jul 17 22:14 Library
drwx------+ 99 luismenendez  staff   3168 Jul 19 01:41 .Trash
-rw-------@  1 luismenendez  staff   6224 Jul 19 22:13 .bash_history
drwx------+ 77 luismenendez  staff   2464 Jul 20 18:09 Downloads
users-MacBook-Pro:~ luismenendez$ cat .profile 

eval "$(/usr/local/bin/brew shellenv)"

eval "$(/usr/local/bin/brew shellenv)"
export NVM_DIR="$HOME/.nvm"
  [ -s "/usr/local/opt/nvm/nvm.sh" ] && \. "/usr/local/opt/nvm/nvm.sh"  # This loads nvm
  [ -s "/usr/local/opt/nvm/etc/bash_completion.d/nvm" ] && \. "/usr/local/opt/nvm/etc/bash_completion.d/nvm"  # This loads nvm bash_completion

export GLASSFISH_HOME=/usr/local/opt/glassfish/libexec

# Load Angular CLI autocompletion.
source <(ng completion script)
users-MacBook-Pro:~ luismenendez$ 
users-MacBook-Pro:~ luismenendez$ ps -ef | grep mongo
  502 86713   598   0 10:29PM ttys000    0:00.00 grep mongo
users-MacBook-Pro:~ luismenendez$ brew install mongosh
Warning: mongosh 1.10.1 is already installed and up-to-date.
To reinstall 1.10.1, run:
  brew reinstall mongosh
users-MacBook-Pro:~ luismenendez$ brew mongo

Error: Unknown command: mongo
users-MacBook-Pro:~ luismenendez$ 
users-MacBook-Pro:~ luismenendez$ brew update
Already up-to-date.
users-MacBook-Pro:~ luismenendez$ brew install mongodb
Warning: No available formula with the name "mongodb". Did you mean mongosh or monetdb?
==> Searching for similarly named formulae and casks...
==> Formulae
mongodb-atlas-cli                     mongosh âœ”                             monetdb

To install mongodb-atlas-cli, run:
  brew install mongodb-atlas-cli

==> Casks
gcollazo-mongodb                      mongodb-compass-readonly              mongotron
mongodb-compass                       mongodb-realm-studio                  nosqlbooster-for-mongodb
mongodb-compass-isolated-edition      mongodbpreferencepane

To install gcollazo-mongodb, run:
  brew install --cask gcollazo-mongodb
users-MacBook-Pro:~ luismenendez$ mkdir -p /data/db
mkdir: /data: Read-only file system
users-MacBook-Pro:~ luismenendez$ brew update
Already up-to-date.
users-MacBook-Pro:~ luismenendez$ brew install mongodb
Warning: No available formula with the name "mongodb". Did you mean mongosh or monetdb?
==> Searching for similarly named formulae and casks...
==> Formulae
mongodb-atlas-cli                     mongosh âœ”                             monetdb

To install mongodb-atlas-cli, run:
  brew install mongodb-atlas-cli

==> Casks
gcollazo-mongodb                      mongodb-compass-readonly              mongotron
mongodb-compass                       mongodb-realm-studio                  nosqlbooster-for-mongodb
mongodb-compass-isolated-edition      mongodbpreferencepane

To install gcollazo-mongodb, run:
  brew install --cask gcollazo-mongodb
users-MacBook-Pro:~ luismenendez$ brew tap mongodb/brew
==> Tapping mongodb/brew
Cloning into '/usr/local/Homebrew/Library/Taps/mongodb/homebrew-brew'...
remote: Enumerating objects: 1235, done.
remote: Counting objects: 100% (520/520), done.
remote: Compressing objects: 100% (170/170), done.
remote: Total 1235 (delta 396), reused 421 (delta 349), pack-reused 715
Receiving objects: 100% (1235/1235), 268.33 KiB | 1.31 MiB/s, done.
Resolving deltas: 100% (691/691), done.
Tapped 14 formulae (32 files, 343.2KB).
users-MacBook-Pro:~ luismenendez$ brew update
Already up-to-date.
users-MacBook-Pro:~ luismenendez$ brew tap mongodb/brew
users-MacBook-Pro:~ luismenendez$ brew install mongodb-community@6.0
==> Fetching dependencies for mongodb/brew/mongodb-community: mongodb/brew/mongodb-database-tools
==> Fetching mongodb/brew/mongodb-database-tools
==> Downloading https://fastdl.mongodb.org/tools/db/mongodb-database-tools-macos-x86_64-100.7.3.zip
########################################################################################################## 100.0%
==> Fetching mongodb/brew/mongodb-community
==> Downloading https://fastdl.mongodb.org/osx/mongodb-macos-x86_64-6.0.6.tgz
########################################################################################################## 100.0%
==> Installing mongodb-community from mongodb/brew
==> Installing dependencies for mongodb/brew/mongodb-community: mongodb/brew/mongodb-database-tools
==> Installing mongodb/brew/mongodb-community dependency: mongodb/brew/mongodb-database-tools
ðŸº  /usr/local/Cellar/mongodb-database-tools/100.7.3: 13 files, 118.9MB, built in 5 seconds
==> Installing mongodb/brew/mongodb-community
==> Caveats
To start mongodb/brew/mongodb-community now and restart at login:
  brew services start mongodb/brew/mongodb-community
==> Summary
ðŸº  /usr/local/Cellar/mongodb-community/6.0.6: 11 files, 211.6MB, built in 5 seconds
==> Running `brew cleanup mongodb-community`...
Disable this behaviour by setting HOMEBREW_NO_INSTALL_CLEANUP.
Hide these hints with HOMEBREW_NO_ENV_HINTS (see `man brew`).
==> Caveats
==> mongodb-community
To start mongodb/brew/mongodb-community now and restart at login:
  brew services start mongodb/brew/mongodb-community
users-MacBook-Pro:~ luismenendez$   brew services start mongodb/brew/mongodb-community
==> Successfully started `mongodb-community` (label: homebrew.mxcl.mongodb-community)
users-MacBook-Pro:~ luismenendez$ brew services list
Name              Status  User         File
mariadb           stopped luismenendez ~/Library/LaunchAgents/homebrew.mxcl.mariadb.plist
mongodb-community started luismenendez ~/Library/LaunchAgents/homebrew.mxcl.mongodb-community.plist
users-MacBook-Pro:~ luismenendez$ mongosh
Current Mongosh Log ID:	64b9ae063fe31aed2d504605
Connecting to:		mongodb://127.0.0.1:27017/?directConnection=true&serverSelectionTimeoutMS=2000&appName=mongosh+1.10.1
Using MongoDB:		6.0.6
Using Mongosh:		1.10.1

For mongosh info see: https://docs.mongodb.com/mongodb-shell/


To help improve our products, anonymous usage data is collected and sent to MongoDB periodically (https://www.mongodb.com/legal/privacy-policy).
You can opt-out by running the disableTelemetry() command.

------
   The server generated these startup warnings when booting
   2023-07-20T22:37:29.535+02:00: Access control is not enabled for the database. Read and write access to data and configuration is unrestricted
------

test> 
(To exit, press Ctrl+C again or Ctrl+D or type .exit)
test> exit
users-MacBook-Pro:~ luismenendez$ clear

users-MacBook-Pro:~ luismenendez$ ps -ef | grep mongo
  502 93362     1   0 10:37PM ??         0:25.53 /usr/local/opt/mongodb-community/bin/mongod --config /usr/local/etc/mongod.conf
  502 54994   598   0  1:04AM ttys000    0:00.00 grep mongo
users-MacBook-Pro:~ luismenendez$ mongo
-bash: mongo: command not found
users-MacBook-Pro:~ luismenendez$ mongosh
Current Mongosh Log ID:	64b9bd835ca4ecee9be75c48
Connecting to:		mongodb://127.0.0.1:27017/?directConnection=true&serverSelectionTimeoutMS=2000&appName=mongosh+1.10.1
Using MongoDB:		6.0.6
Using Mongosh:		1.10.1

For mongosh info see: https://docs.mongodb.com/mongodb-shell/

------
   The server generated these startup warnings when booting
   2023-07-20T22:37:29.535+02:00: Access control is not enabled for the database. Read and write access to data and configuration is unrestricted
------

test> show dbs
admin   40.00 KiB
config  72.00 KiB
local   40.00 KiB
test> use miPrimeraBase
switched to db miPrimeraBase
miPrimeraBase> show dbs
admin   40.00 KiB
config  72.00 KiB
local   40.00 KiB
miPrimeraBase> db.createCollection('usuarios')
{ ok: 1 }
miPrimeraBase> db.showCollections()
TypeError: db.showCollections is not a function
miPrimeraBase> db.getCollectionNames()
[ 'usuarios' ]
miPrimeraBase> db.createCollections('pagos')
TypeError: db.createCollections is not a function
miPrimeraBase> db.createCollection('pagos')
{ ok: 1 }
miPrimeraBase> db.getCollectionNames()
[ 'usuarios', 'pagos' ]
miPrimeraBase> db.usuarios.insertOne({name:"Jhoceliz",last_name:"Figueroa", age:30, email:'jfigueroa@gmail.com'});
{
  acknowledged: true,
  insertedId: ObjectId("64b9c3e25ca4ecee9be75c49")
}
miPrimeraBase> db.usuarios.insertOne({name:"Ivan",apellido:"Ramirez"});
{
  acknowledged: true,
  insertedId: ObjectId("64b9c4335ca4ecee9be75c4a")
}
miPrimeraBase> db.usuarios.find({name:"Jhoceliz"})
[
  {
    _id: ObjectId("64b9c3e25ca4ecee9be75c49"),
    name: 'Jhoceliz',
    last_name: 'Figueroa',
    age: 30,
    email: 'jfigueroa@gmail.com'
  }
]
miPrimeraBase> db.usuarios.find({apellido:"Ramirez"})
[
  {
    _id: ObjectId("64b9c4335ca4ecee9be75c4a"),
    name: 'Ivan',
    apellido: 'Ramirez'
  }
]
miPrimeraBase> db.usuarios.find()
[
  {
    _id: ObjectId("64b9c3e25ca4ecee9be75c49"),
    name: 'Jhoceliz',
    last_name: 'Figueroa',
    age: 30,
    email: 'jfigueroa@gmail.com'
  },
  {
    _id: ObjectId("64b9c4335ca4ecee9be75c4a"),
    name: 'Ivan',
    apellido: 'Ramirez'
  }
]
miPrimeraBase> show.dbs()
TypeError: show.dbs is not a function
miPrimeraBase> exit
users-MacBook-Pro:~ luismenendez$ mongosh
Current Mongosh Log ID:	64b9c4be7b9abe1936ac0fc8
Connecting to:		mongodb://127.0.0.1:27017/?directConnection=true&serverSelectionTimeoutMS=2000&appName=mongosh+1.10.1
Using MongoDB:		6.0.6
Using Mongosh:		1.10.1

For mongosh info see: https://docs.mongodb.com/mongodb-shell/

------
   The server generated these startup warnings when booting
   2023-07-20T22:37:29.535+02:00: Access control is not enabled for the database. Read and write access to data and configuration is unrestricted
------

test> show dbs
admin           40.00 KiB
config         108.00 KiB
local           40.00 KiB
miPrimeraBase   80.00 KiB
test> db.createCollections('estudiantes')
TypeError: db.createCollections is not a function
test> db.createCollection('estudiantes')
{ ok: 1 }
test> show dbs
admin           40.00 KiB
config         108.00 KiB
local           40.00 KiB
miPrimeraBase   80.00 KiB
test             8.00 KiB
test> use estudiantes
switched to db estudiantes
estudiantes> db.createCollerction('alumnos')
TypeError: db.createCollerction is not a function
estudiantes> db.createCollection('alumnos')
{ ok: 1 }
estudiantes> db.usuarios.inserMany([{nombre:"Leonardo",apellido:"Tricotti",curso:"Backend", correo:"Leonardo@gmail.com"},{nombre:"Ivan",apellido:"Ramirez",curso:"UX/UI",correo:"Ivan@gmail.com
Uncaught:
SyntaxError: Unterminated string constant. (1:163)

> 1 | db.usuarios.inserMany([{nombre:"Leonardo",apellido:"Tricotti",curso:"Backend", correo:"Leonardo@gmail.com"},{nombre:"Ivan",apellido:"Ramirez",curso:"UX/UI",correo:"Ivan@gmail.com
    |                                                                                                                                                                    ^
  2 |

estudiantes> db.usuarios.inserMany([{nombre:"Leonardo",apellido:"Tricotti",curso:"Backend", correo:"Leonardo@gmail.com"},{nombre:"Ivan",apellido:"Ramirez",curso:"UX/UI",correo:"Ivan@gmail.com"},{nombre:"Luis",apellido
... :"Menendez", curso:"frontend", correo:"luis@gmail.com"
... })
Uncaught:
SyntaxError: Unexpected token, expected "," (3:1)

  1 | db.usuarios.inserMany([{nombre:"Leonardo",apellido:"Tricotti",curso:"Backend", correo:"Leonardo@gmail.com"},{nombre:"Ivan",apellido:"Ramirez",curso:"UX/UI",correo:"Ivan@gmail.com"},{nombre:"Luis",apellido
  2 | :"Menendez", curso:"frontend", correo:"luis@gmail.com"
> 3 | })
    |  ^
  4 |

estudiantes> db.usuarios.inserMany([{nombre:"Leonardo",apellido:"Tricotti",curso:"Backend", correo:"Leonardo@gmail.com"},{nombre:"Ivan",apellido:"Ramirez",curso:"UX/UI",correo:"Ivan@gmail.com"},{nombre:"Luis",apellido :"Menendez", curso:"frontend", correo:"luis@gmail.com" },{nombre:"Yanina",apellido:"Gonzalez",correo:"yanina@gmail.com",curso:"Backend con java"}]) 
TypeError: db.usuarios.inserMany is not a function
estudiantes> db.usuarios.insertMany([{nombre:"Leonardo",apellido:"Tricotti",curso:"Backend", correo:"Leonardo@gmail.com"},{nombre:"Ivan",apellido:"Ramirez",curso:"UX/UI",correo:"Ivan@gmail.com"},{nombre:"Luis",apellido :"Menendez", curso:"frontend", correo:"luis@gmail.com" },{nombre:"Yanina",apellido:"Gonzalez",correo:"yanina@gmail.com",curso:"Backend con java"}])
{
  acknowledged: true,
  insertedIds: {
    '0': ObjectId("64b9c6477b9abe1936ac0fc9"),
    '1': ObjectId("64b9c6477b9abe1936ac0fca"),
    '2': ObjectId("64b9c6477b9abe1936ac0fcb"),
    '3': ObjectId("64b9c6477b9abe1936ac0fcc")
  }
}
estudiantes> db.usuarios.find()
[
  {
    _id: ObjectId("64b9c6477b9abe1936ac0fc9"),
    nombre: 'Leonardo',
    apellido: 'Tricotti',
    curso: 'Backend',
    correo: 'Leonardo@gmail.com'
  },
  {
    _id: ObjectId("64b9c6477b9abe1936ac0fca"),
    nombre: 'Ivan',
    apellido: 'Ramirez',
    curso: 'UX/UI',
    correo: 'Ivan@gmail.com'
  },
  {
    _id: ObjectId("64b9c6477b9abe1936ac0fcb"),
    nombre: 'Luis',
    apellido: 'Menendez',
    curso: 'frontend',
    correo: 'luis@gmail.com'
  },
  {
    _id: ObjectId("64b9c6477b9abe1936ac0fcc"),
    nombre: 'Yanina',
    apellido: 'Gonzalez',
    correo: 'yanina@gmail.com',
    curso: 'Backend con java'
  }
]
estudiantes> exit
users-MacBook-Pro:~ luismenendez$ mongosh
Current Mongosh Log ID:	64b9c6fea64ad4c6f049a3e5
Connecting to:		mongodb://127.0.0.1:27017/?directConnection=true&serverSelectionTimeoutMS=2000&appName=mongosh+1.10.1
Using MongoDB:		6.0.6
Using Mongosh:		1.10.1

For mongosh info see: https://docs.mongodb.com/mongodb-shell/

------
   The server generated these startup warnings when booting
   2023-07-20T22:37:29.535+02:00: Access control is not enabled for the database. Read and write access to data and configuration is unrestricted
------

test> show dbs
admin           40.00 KiB
config         108.00 KiB
estudiantes     48.00 KiB
local           40.00 KiB
miPrimeraBase   80.00 KiB
test             8.00 KiB
test> estudiantes.usuarios.find()
ReferenceError: estudiantes is not defined
test> use estudiantes
switched to db estudiantes
estudiantes> db.usuarios.find()
[
  {
    _id: ObjectId("64b9c6477b9abe1936ac0fc9"),
    nombre: 'Leonardo',
    apellido: 'Tricotti',
    curso: 'Backend',
    correo: 'Leonardo@gmail.com'
  },
  {
    _id: ObjectId("64b9c6477b9abe1936ac0fca"),
    nombre: 'Ivan',
    apellido: 'Ramirez',
    curso: 'UX/UI',
    correo: 'Ivan@gmail.com'
  },
  {
    _id: ObjectId("64b9c6477b9abe1936ac0fcb"),
    nombre: 'Luis',
    apellido: 'Menendez',
    curso: 'frontend',
    correo: 'luis@gmail.com'
  },
  {
    _id: ObjectId("64b9c6477b9abe1936ac0fcc"),
    nombre: 'Yanina',
    apellido: 'Gonzalez',
    correo: 'yanina@gmail.com',
    curso: 'Backend con java'
  }
]
estudiantes> ls
ReferenceError: ls is not defined (Are you trying to run a script written for the legacy shell? Try running `snippet install mongocompat`)
estudiantes> show dbs
admin           40.00 KiB
config         108.00 KiB
estudiantes     48.00 KiB
local           40.00 KiB
miPrimeraBase   80.00 KiB
test             8.00 KiB
estudiantes> db.dropDatabase()
{ ok: 1, dropped: 'estudiantes' }
estudiantes> 

estudiantes> show dbs
admin           40.00 KiB
config         108.00 KiB
local           40.00 KiB
miPrimeraBase   80.00 KiB
test             8.00 KiB
estudiantes> use miPrimeraBase
switched to db miPrimeraBase
miPrimeraBase> db.dropDatabase()
{ ok: 1, dropped: 'miPrimeraBase' }
miPrimeraBase> 
  [Restored Jul 24, 2023 at 9:58:54 PM]
Last login: Mon Jul 24 21:58:44 on console

The default interactive shell is now zsh.
To update your account to use zsh, please run `chsh -s /bin/zsh`.
For more details, please visit https://support.apple.com/kb/HT208050.
users-MBP:~ luismenendez$ mongosh
Current Mongosh Log ID:	64c044cc94766babd0e2d3ac
Connecting to:		mongodb://127.0.0.1:27017/?directConnection=true&serverSelectionTimeoutMS=2000&appName=mongosh+1.10.1
Using MongoDB:		6.0.6
Using Mongosh:		1.10.1

For mongosh info see: https://docs.mongodb.com/mongodb-shell/

------
   The server generated these startup warnings when booting
   2023-07-24T21:59:45.265+02:00: Access control is not enabled for the database. Read and write access to data and configuration is unrestricted
------

test> 
(To exit, press Ctrl+C again or Ctrl+D or type .exit)
test> exit
users-MBP:~ luismenendez$ clear

users-MBP:~ luismenendez$ mongosh
Current Mongosh Log ID:	64c048f1cd2ab20fc3a55b61
Connecting to:		mongodb://127.0.0.1:27017/?directConnection=true&serverSelectionTimeoutMS=2000&appName=mongosh+1.10.1
Using MongoDB:		6.0.6
Using Mongosh:		1.10.1

For mongosh info see: https://docs.mongodb.com/mongodb-shell/

------
   The server generated these startup warnings when booting
   2023-07-24T21:59:45.265+02:00: Access control is not enabled for the database. Read and write access to data and configuration is unrestricted
------

test> show dbs
admin   40.00 KiB
config  72.00 KiB
local   72.00 KiB
test     8.00 KiB
test> use crudDB
switched to db crudDB
crudDB> db.createCollection("alumnos")
{ ok: 1 }
crudDB> db.alumnos.insertMany([{nombre:"Leonardo",apellido:"Tricotti",curso:"Backend", correo:"Leonardo@gmail.com"},{nombre:"Ivan",apellido:"Ramirez",curso:"UX/UI",correo:"Ivan@gmail.com"},{nombre:"Luis",apellido :"Menendez", curso:"frontend", correo:"luis@gmail.com" },{nombre:"Yanina",apellido:"Gonzalez",correo:"yanina@gmail.com",curso:"Backend con java"}])
{
  acknowledged: true,
  insertedIds: {
    '0': ObjectId("64c04966cd2ab20fc3a55b62"),
    '1': ObjectId("64c04966cd2ab20fc3a55b63"),
    '2': ObjectId("64c04966cd2ab20fc3a55b64"),
    '3': ObjectId("64c04966cd2ab20fc3a55b65")
  }
}
crudDB> db.alumnos.find({nombre:"Ivan"})
[
  {
    _id: ObjectId("64c04966cd2ab20fc3a55b63"),
    nombre: 'Ivan',
    apellido: 'Ramirez',
    curso: 'UX/UI',
    correo: 'Ivan@gmail.com'
  }
]
crudDB> db.alumnos.insertMany([{nombre:"Leonardo",apellido:"Tricotti",curso:"Backend", correo:"Leonardo@gmail.com"},{nombre:"Ivan",apellido:"Ramirez",curso:"UX/UI",correo:"Ivan@gmail.com"},{nombre:"Luis",apellido :"Menendez", curso:"frontend", correo:"luis@gmail.com" },{nombre:"Yanina",apellido:"Gonzalez",correo:"yanina@gmail.com",curso:"Backend con java"}])
{
  acknowledged: true,
  insertedIds: {
    '0': ObjectId("64c049b0cd2ab20fc3a55b66"),
    '1': ObjectId("64c049b0cd2ab20fc3a55b67"),
    '2': ObjectId("64c049b0cd2ab20fc3a55b68"),
    '3': ObjectId("64c049b0cd2ab20fc3a55b69")
  }
}
crudDB> db.alumnos.insertMany([{nombre:"Leonardo",apellido:"Tricotti",curso:"Backend", correo:"Leonardo@gmail.com"},{nombre:"Ivan",apellido:"Ramirez",curso:"UX/UI",correo:"Ivan@gmail.com"},{nombre:"Luis",apellido :"Menendez", curso:"frontend", correo:"luis@gmail.com" },{nombre:"Yanina",apellido:"Gonzalez",correo:"yanina@gmail.com",curso:"Backend con java"}])
{
  acknowledged: true,
  insertedIds: {
    '0': ObjectId("64c049b2cd2ab20fc3a55b6a"),
    '1': ObjectId("64c049b2cd2ab20fc3a55b6b"),
    '2': ObjectId("64c049b2cd2ab20fc3a55b6c"),
    '3': ObjectId("64c049b2cd2ab20fc3a55b6d")
  }
}
crudDB> 

crudDB> db.alumnos.insertMany([{nombre:"Leonardo",apellido:"Tricotti",curso:"Backend", correo:"Leonardo@gmail.com"},{nombre:"Ivan",apellido:"Ramirez",curso:"UX/UI",correo:"Ivan@gmail.com"},{nombre:"Luis",apellido :"Menendez", curso:"frontend", correo:"luis@gmail.com" },{nombre:"Yanina",apellido:"Gonzalez",correo:"yanina@gmail.com",curso:"Backend con java"}])
{
  acknowledged: true,
  insertedIds: {
    '0': ObjectId("64c049b6cd2ab20fc3a55b6e"),
    '1': ObjectId("64c049b6cd2ab20fc3a55b6f"),
    '2': ObjectId("64c049b6cd2ab20fc3a55b70"),
    '3': ObjectId("64c049b6cd2ab20fc3a55b71")
  }
}
crudDB> 

crudDB> db.alumnos.find({nombre:"Ivan"})
[
  {
    _id: ObjectId("64c04966cd2ab20fc3a55b63"),
    nombre: 'Ivan',
    apellido: 'Ramirez',
    curso: 'UX/UI',
    correo: 'Ivan@gmail.com'
  },
  {
    _id: ObjectId("64c049b0cd2ab20fc3a55b67"),
    nombre: 'Ivan',
    apellido: 'Ramirez',
    curso: 'UX/UI',
    correo: 'Ivan@gmail.com'
  },
  {
    _id: ObjectId("64c049b2cd2ab20fc3a55b6b"),
    nombre: 'Ivan',
    apellido: 'Ramirez',
    curso: 'UX/UI',
    correo: 'Ivan@gmail.com'
  },
  {
    _id: ObjectId("64c049b6cd2ab20fc3a55b6f"),
    nombre: 'Ivan',
    apellido: 'Ramirez',
    curso: 'UX/UI',
    correo: 'Ivan@gmail.com'
  }
]
crudDB> 

crudDB> db.alumnos.findOne({nombre:"Ivan"})
{
  _id: ObjectId("64c04966cd2ab20fc3a55b63"),
  nombre: 'Ivan',
  apellido: 'Ramirez',
  curso: 'UX/UI',
  correo: 'Ivan@gmail.com'
}
crudDB> db.alumnos.find({nombre:"Ivan"}).pretty()
[
  {
    _id: ObjectId("64c04966cd2ab20fc3a55b63"),
    nombre: 'Ivan',
    apellido: 'Ramirez',
    curso: 'UX/UI',
    correo: 'Ivan@gmail.com'
  },
  {
    _id: ObjectId("64c049b0cd2ab20fc3a55b67"),
    nombre: 'Ivan',
    apellido: 'Ramirez',
    curso: 'UX/UI',
    correo: 'Ivan@gmail.com'
  },
  {
    _id: ObjectId("64c049b2cd2ab20fc3a55b6b"),
    nombre: 'Ivan',
    apellido: 'Ramirez',
    curso: 'UX/UI',
    correo: 'Ivan@gmail.com'
  },
  {
    _id: ObjectId("64c049b6cd2ab20fc3a55b6f"),
    nombre: 'Ivan',
    apellido: 'Ramirez',
    curso: 'UX/UI',
    correo: 'Ivan@gmail.com'
  }
]
crudDB> db.alumnos.estimatedDocumentCount()
16
crudDB> db.alumnos.countDocuments({curso:'UX/UI'})
4
crudDB> db.alumnos.find({curso:'UX/UI'}).estimatedDocumentCount()
TypeError: db.alumnos.fi ... /UI'}).estimatedDocumentCount is not a function
crudDB> db.alumnos.countDocuments({curso:'UX/UI'})
4
crudDB> db.alumnos.insertMany([{nombre:"Leonardo",apellido:"Tricotti",curso:"Backend", correo:"Leonardo@gmail.com"},{nombre:"Ivan",apellido:"Ramirez",curso:"UX/UI",correo:"Ivan@gmail.com"},{nombre:"Luis",apellido :"Menendez", curso:"frontend", correo:"luis@gmail.com" },{nombre:"Yanina",apellido:"Gonzalez",correo:"yanina@gmail.com",curso:"Backend con java"}])
crudDB> db.alumnos.insertMany([{nombre:"Leonardo",apellido:"Tricotti",curso:"Backend", correo:"Leonardo@gmail.com"},{nombre:"Ivan",apellido:"Ramirez",curso:"UX/UI",correo:"Ivan@gmail.comâ€,gender:â€Mâ€},{nombre:"Luis",apellido :"Menendez", curso:"frontend", correo:"luis@gmail.com" },{nombre:"Yanina",apellido:"Gonzalez",correo:"yanina@gmail.com",curso:"UX/UIâ€,gender:â€Fâ€}])
Uncaught:
SyntaxError: Unexpected token, expected "," (1:201)

> 1 | db.alumnos.insertMany([{nombre:"Leonardo",apellido:"Tricotti",curso:"Backend", correo:"Leonardo@gmail.com"},{nombre:"Ivan",apellido:"Ramirez",curso:"UX/UI",correo:"Ivan@gmail.comâ€,gender:â€Mâ€},{nombre:"Luis",apellido :"Menendez", curso:"frontend", correo:"luis@gmail.com" },{nombre:"Yanina",apellido:"Gonzalez",correo:"yanina@gmail.com",curso:"UX/UIâ€,gender:â€Fâ€}])
    |                                                                                                                                                                                                          ^
  2 |

crudDB> db.alumnos.insertMany([{nombre:"Leonardo",apellido:"Tricotti",curso:"Backend", correo:"Leonardo@gmail.com"},{nombre:"Ivan",apellido:"Ramirez",curso:"UX/UI",correo:"Ivan@gmail.comâ€,gender:"M"},{nombre:"Luis",apellido :"Menendez", curso:"frontend", correo:"luis@gmail.com" },{nombre:"Yanina",apellido:"Gonzalez",correo:"yanina@gmail.com",curso:"UX/UI",gender:â€F"}])
Uncaught:
SyntaxError: Unexpected token, expected "," (1:188)

> 1 | db.alumnos.insertMany([{nombre:"Leonardo",apellido:"Tricotti",curso:"Backend", correo:"Leonardo@gmail.com"},{nombre:"Ivan",apellido:"Ramirez",curso:"UX/UI",correo:"Ivan@gmail.comâ€,gender:"M"},{nombre:"Luis",apellido :"Menendez", curso:"frontend", correo:"luis@gmail.com" },{nombre:"Yanina",apellido:"Gonzalez",correo:"yanina@gmail.com",curso:"UX/UI",gender:â€F"}])
    |                                                                                                                                                                                             ^
  2 |

crudDB> db.alumnos.countDocuments({curso:'UX/UI',nombre:"Ivan"})
4
crudDB> db.alumnos.find({curso:'UX/UI',nombre:"Ivan"})
[
  {
    _id: ObjectId("64c04966cd2ab20fc3a55b63"),
    nombre: 'Ivan',
    apellido: 'Ramirez',
    curso: 'UX/UI',
    correo: 'Ivan@gmail.com'
  },
  {
    _id: ObjectId("64c049b0cd2ab20fc3a55b67"),
    nombre: 'Ivan',
    apellido: 'Ramirez',
    curso: 'UX/UI',
    correo: 'Ivan@gmail.com'
  },
  {
    _id: ObjectId("64c049b2cd2ab20fc3a55b6b"),
    nombre: 'Ivan',
    apellido: 'Ramirez',
    curso: 'UX/UI',
    correo: 'Ivan@gmail.com'
  },
  {
    _id: ObjectId("64c049b6cd2ab20fc3a55b6f"),
    nombre: 'Ivan',
    apellido: 'Ramirez',
    curso: 'UX/UI',
    correo: 'Ivan@gmail.com'
  }
]
crudDB> db.alumnos.find({curso:'UX/UI',nombre:"David"})

crudDB> show dbs
admin    40.00 KiB
config  108.00 KiB
crudDB   72.00 KiB
local    72.00 KiB
test      8.00 KiB
crudDB> use mascotas
switched to db mascotas
mascotas> use baseCRUD
switched to db baseCRUD
baseCRUD> db.createCollection("mascotas"
... )
{ ok: 1 }
baseCRUD> db.mascotas.insertOne({nombre:"Firulais",especie:"Perro",edad:2})
{
  acknowledged: true,
  insertedId: ObjectId("64c04ccdcd2ab20fc3a55b72")
}
baseCRUD> db.mascotas.insertOne({nombre:"Garfield",especie:"Gato",edad:5})
{
  acknowledged: true,
  insertedId: ObjectId("64c04cfdcd2ab20fc3a55b73")
}
baseCRUD> db.mascotas.insertMany({nombre:"Jerry",especie:"Raton",edad:1},{nombre:"Lorito",especie:"Loro",edad:10})
MongoInvalidArgumentError: Argument "docs" must be an array of documents
baseCRUD> db.mascotas.insertMany([{nombre:"Jerry",especie:"Raton",edad:1},{nombre:"Lorito",especie:"Loro",edad:10}])
{
  acknowledged: true,
  insertedIds: {
    '0': ObjectId("64c04d63cd2ab20fc3a55b74"),
    '1': ObjectId("64c04d63cd2ab20fc3a55b75")
  }
}
baseCRUD> db.mascotas.estimatedDocumentCount()
4
baseCRUD> db.mascotas.find({especie:"Raton"})
[
  {
    _id: ObjectId("64c04d63cd2ab20fc3a55b74"),
    nombre: 'Jerry',
    especie: 'Raton',
    edad: 1
  }
]
baseCRUD> db.mascotas.insertOne({nombre:"Sandia",especie:"Perro",edad:3})
{
  acknowledged: true,
  insertedId: ObjectId("64c04df9cd2ab20fc3a55b76")
}
baseCRUD> db.mascotas.find({especie:"Perro"})
[
  {
    _id: ObjectId("64c04ccdcd2ab20fc3a55b72"),
    nombre: 'Firulais',
    especie: 'Perro',
    edad: 2
  },
  {
    _id: ObjectId("64c04df9cd2ab20fc3a55b76"),
    nombre: 'Sandia',
    especie: 'Perro',
    edad: 3
  }
]
baseCRUD> show dbs
admin      40.00 KiB
baseCRUD   72.00 KiB
config    108.00 KiB
crudDB     72.00 KiB
local      72.00 KiB
test        8.00 KiB
baseCRUD> exit
users-MBP:~ luismenendez$ clear

users-MBP:~ luismenendez$ mongosh
Current Mongosh Log ID:	64c04fb9155edd23bd7e8d6f
Connecting to:		mongodb://127.0.0.1:27017/?directConnection=true&serverSelectionTimeoutMS=2000&appName=mongosh+1.10.1
Using MongoDB:		6.0.6
Using Mongosh:		1.10.1

For mongosh info see: https://docs.mongodb.com/mongodb-shell/

------
   The server generated these startup warnings when booting
   2023-07-24T21:59:45.265+02:00: Access control is not enabled for the database. Read and write access to data and configuration is unrestricted
------

test> show dbs
admin      40.00 KiB
baseCRUD   72.00 KiB
config    108.00 KiB
crudDB     72.00 KiB
local      72.00 KiB
test        8.00 KiB
test> use colegio
switched to db colegio
colegio> db.createCollection("estudiantes")
{ ok: 1 }
colegio> db.estudiantes.insertMany([{
...     nombre:"Jhoceliz",
...     apellido:"Gonzalez",
...     curso:"Backend",
...     edad: 20,
...     correo:"jhoceliz@gmail.com",
...     genero:"Femenino"
... },{
...     nombre:"Jhon",
...     apellido:"Lopez",
...     curso:"Frontend",
...     edad: 5,
...     correo:"jhon@gmail.com",
...     genero:"Masculino"
... },{
...     nombre:"Sandra",
...     apellido:"Garcia",
...     curso:"Backend",
...     edad: 30,
...     correo:"sandra@gmail.com",
...     genero:"Femenino"
... },{
...     nombre:"Ivan",
...     apellido:"Ramirez",
...     curso:"Frontend",
...     edad: 25,
...     correo:"ivan@gmail.com",
...     genero:"Masculino"
... },{
...     nombre:"Luis",
...     apellido:"Menendez",
...     curso:"Backend"
... }])
{
  acknowledged: true,
  insertedIds: {
    '0': ObjectId("64c05121155edd23bd7e8d70"),
    '1': ObjectId("64c05121155edd23bd7e8d71"),
    '2': ObjectId("64c05121155edd23bd7e8d72"),
    '3': ObjectId("64c05121155edd23bd7e8d73"),
    '4': ObjectId("64c05121155edd23bd7e8d74")
  }
}
colegio> db.estudiantes.find()
[
  {
    _id: ObjectId("64c05121155edd23bd7e8d70"),
    nombre: 'Jhoceliz',
    apellido: 'Gonzalez',
    curso: 'Backend',
    edad: 20,
    correo: 'jhoceliz@gmail.com',
    genero: 'Femenino'
  },
  {
    _id: ObjectId("64c05121155edd23bd7e8d71"),
    nombre: 'Jhon',
    apellido: 'Lopez',
    curso: 'Frontend',
    edad: 5,
    correo: 'jhon@gmail.com',
    genero: 'Masculino'
  },
  {
    _id: ObjectId("64c05121155edd23bd7e8d72"),
    nombre: 'Sandra',
    apellido: 'Garcia',
    curso: 'Backend',
    edad: 30,
    correo: 'sandra@gmail.com',
    genero: 'Femenino'
  },
  {
    _id: ObjectId("64c05121155edd23bd7e8d73"),
    nombre: 'Ivan',
    apellido: 'Ramirez',
    curso: 'Frontend',
    edad: 25,
    correo: 'ivan@gmail.com',
    genero: 'Masculino'
  },
  {
    _id: ObjectId("64c05121155edd23bd7e8d74"),
    nombre: 'Luis',
    apellido: 'Menendez',
    curso: 'Backend'
  }
]
colegio> db.estudiantes.findOne({genero:"Masculino"})
{
  _id: ObjectId("64c05121155edd23bd7e8d71"),
  nombre: 'Jhon',
  apellido: 'Lopez',
  curso: 'Frontend',
  edad: 5,
  correo: 'jhon@gmail.com',
  genero: 'Masculino'
}
colegio> db.estudiantes.find({genero:"Masculino"})
[
  {
    _id: ObjectId("64c05121155edd23bd7e8d71"),
    nombre: 'Jhon',
    apellido: 'Lopez',
    curso: 'Frontend',
    edad: 5,
    correo: 'jhon@gmail.com',
    genero: 'Masculino'
  },
  {
    _id: ObjectId("64c05121155edd23bd7e8d73"),
    nombre: 'Ivan',
    apellido: 'Ramirez',
    curso: 'Frontend',
    edad: 25,
    correo: 'ivan@gmail.com',
    genero: 'Masculino'
  }
]
colegio> db.estudiantes.estimatedDocumentCount()
5
colegio> db.estudiantes.countDocuments({genero:"Femenino"})
2
colegio> db.estudiantes.countDocuments()
5
colegio> db.estudiantes.find({edad:{$lt:18}})
[
  {
    _id: ObjectId("64c05121155edd23bd7e8d71"),
    nombre: 'Jhon',
    apellido: 'Lopez',
    curso: 'Frontend',
    edad: 5,
    correo: 'jhon@gmail.com',
    genero: 'Masculino'
  }
]
colegio> db.estudiantes.find({$or:[{edad:{$lt:18}},{edad:{$eq:20}}]})
[
  {
    _id: ObjectId("64c05121155edd23bd7e8d70"),
    nombre: 'Jhoceliz',
    apellido: 'Gonzalez',
    curso: 'Backend',
    edad: 20,
    correo: 'jhoceliz@gmail.com',
    genero: 'Femenino'
  },
  {
    _id: ObjectId("64c05121155edd23bd7e8d71"),
    nombre: 'Jhon',
    apellido: 'Lopez',
    curso: 'Frontend',
    edad: 5,
    correo: 'jhon@gmail.com',
    genero: 'Masculino'
  }
]
colegio> db.estudiantes.find({$or:[{edad:5},{edad:20}]})
[
  {
    _id: ObjectId("64c05121155edd23bd7e8d70"),
    nombre: 'Jhoceliz',
    apellido: 'Gonzalez',
    curso: 'Backend',
    edad: 20,
    correo: 'jhoceliz@gmail.com',
    genero: 'Femenino'
  },
  {
    _id: ObjectId("64c05121155edd23bd7e8d71"),
    nombre: 'Jhon',
    apellido: 'Lopez',
    curso: 'Frontend',
    edad: 5,
    correo: 'jhon@gmail.com',
    genero: 'Masculino'
  }
]
colegio> db.estudiantes.find({genero:null})
[
  {
    _id: ObjectId("64c05121155edd23bd7e8d74"),
    nombre: 'Luis',
    apellido: 'Menendez',
    curso: 'Backend'
  }
]
colegio> db.estudiantes.find({correo:null})
[
  {
    _id: ObjectId("64c05121155edd23bd7e8d74"),
    nombre: 'Luis',
    apellido: 'Menendez',
    curso: 'Backend'
  }
]
colegio> db.estudiantes.find({correo:null})
[
  {
    _id: ObjectId("64c05121155edd23bd7e8d74"),
    nombre: 'Luis',
    apellido: 'Menendez',
    curso: 'Backend'
  }
]
colegio> db.estudiantes.find({correo:undefined})
[
  {
    _id: ObjectId("64c05121155edd23bd7e8d74"),
    nombre: 'Luis',
    apellido: 'Menendez',
    curso: 'Backend'
  }
]
colegio> db.estudiantes.find({correo:undefined},{nombre:1})
[ { _id: ObjectId("64c05121155edd23bd7e8d74"), nombre: 'Luis' } ]
colegio> db.estudiantes.find({},{nombre:1})
[
  { _id: ObjectId("64c05121155edd23bd7e8d70"), nombre: 'Jhoceliz' },
  { _id: ObjectId("64c05121155edd23bd7e8d71"), nombre: 'Jhon' },
  { _id: ObjectId("64c05121155edd23bd7e8d72"), nombre: 'Sandra' },
  { _id: ObjectId("64c05121155edd23bd7e8d73"), nombre: 'Ivan' },
  { _id: ObjectId("64c05121155edd23bd7e8d74"), nombre: 'Luis' }
]
colegio> db.estudiantes.find({})
[
  {
    _id: ObjectId("64c05121155edd23bd7e8d70"),
    nombre: 'Jhoceliz',
    apellido: 'Gonzalez',
    curso: 'Backend',
    edad: 20,
    correo: 'jhoceliz@gmail.com',
    genero: 'Femenino'
  },
  {
    _id: ObjectId("64c05121155edd23bd7e8d71"),
    nombre: 'Jhon',
    apellido: 'Lopez',
    curso: 'Frontend',
    edad: 5,
    correo: 'jhon@gmail.com',
    genero: 'Masculino'
  },
  {
    _id: ObjectId("64c05121155edd23bd7e8d72"),
    nombre: 'Sandra',
    apellido: 'Garcia',
    curso: 'Backend',
    edad: 30,
    correo: 'sandra@gmail.com',
    genero: 'Femenino'
  },
  {
    _id: ObjectId("64c05121155edd23bd7e8d73"),
    nombre: 'Ivan',
    apellido: 'Ramirez',
    curso: 'Frontend',
    edad: 25,
    correo: 'ivan@gmail.com',
    genero: 'Masculino'
  },
  {
    _id: ObjectId("64c05121155edd23bd7e8d74"),
    nombre: 'Luis',
    apellido: 'Menendez',
    curso: 'Backend'
  }
]
colegio> db.estudiantes.find({}).skip
db.estudiantes.find({}).skip

colegio> db.estudiantes.find({}).skip
db.estudiantes.find({}).skip

colegio> db.estudiantes.find({}).skip
db.estudiantes.find({}).skip

colegio> db.estudiantes.find({}).skip
db.estudiantes.find({}).skip

colegio> db.estudiantes.find({}).skip(1)
[
  {
    _id: ObjectId("64c05121155edd23bd7e8d71"),
    nombre: 'Jhon',
    apellido: 'Lopez',
    curso: 'Frontend',
    edad: 5,
    correo: 'jhon@gmail.com',
    genero: 'Masculino'
  },
  {
    _id: ObjectId("64c05121155edd23bd7e8d72"),
    nombre: 'Sandra',
    apellido: 'Garcia',
    curso: 'Backend',
    edad: 30,
    correo: 'sandra@gmail.com',
    genero: 'Femenino'
  },
  {
    _id: ObjectId("64c05121155edd23bd7e8d73"),
    nombre: 'Ivan',
    apellido: 'Ramirez',
    curso: 'Frontend',
    edad: 25,
    correo: 'ivan@gmail.com',
    genero: 'Masculino'
  },
  {
    _id: ObjectId("64c05121155edd23bd7e8d74"),
    nombre: 'Luis',
    apellido: 'Menendez',
    curso: 'Backend'
  }
]
colegio> db.estudiantes.find({}).skip(4)
[
  {
    _id: ObjectId("64c05121155edd23bd7e8d74"),
    nombre: 'Luis',
    apellido: 'Menendez',
    curso: 'Backend'
  }
]
colegio> db.estudiantes.find({}).skip(5)

colegio> db.estudiantes.find({}).skip(2).limit(1)
[
  {
    _id: ObjectId("64c05121155edd23bd7e8d72"),
    nombre: 'Sandra',
    apellido: 'Garcia',
    curso: 'Backend',
    edad: 30,
    correo: 'sandra@gmail.com',
    genero: 'Femenino'
  }
]
colegio> db.estudiantes.insertMany
db.estudiantes.insertMany

colegio> db.estudiantes.insertMany([)
Uncaught:
SyntaxError: Unexpected token (1:27)

> 1 | db.estudiantes.insertMany([)
    |                            ^
  2 |

colegio>     {
...       nombre: "Walter",
...       apellido: "Maza",
...       curso: "Python",
...       edad: 28,
...       correo: "walter@gmail.com",
...       genero: "Masculino",
...     },
...     {
...       nombre: "Alber",
...       apellido: "Lopez",
...       curso: "Cocina",
...       edad: 35,
...       correo: "alberto@gmail.com",
...     },
...     {
...       nombre: "Sarai",
...       apellido: "Perez",
...       curso: "Backend",
...       edad: 33,
...       correo: "sara@gmail.com",
...       genero: "Femenino",
...     },
...     {
...       nombre: "Maria",
...       apellido: "Soriano",
...       correo: "maria@gmail.com",
...     },
...     {
...       nombre: "Tomas",
...       apellido: "Alvarez",
...       curso: "Backend",
...         edad: 25,
...     },
...   ]
Uncaught:
SyntaxError: Missing semicolon. (3:14)

  1 |     {
  2 |       nombre: "Walter",
> 3 |       apellido: "Maza",
    |               ^
  4 |       curso: "Python",
  5 |       edad: 28,
  6 |       correo: "walter@gmail.com",

colegio> db.estudiantes.insertMany([
...     {
...       nombre: "Walter",
...       apellido: "Maza",
...       curso: "Python",
...       edad: 28,
...       correo: "walter@gmail.com",
...       genero: "Masculino",
...     },
...     {
...       nombre: "Alber",
...       apellido: "Lopez",
...       curso: "Cocina",
...       edad: 35,
...       correo: "alberto@gmail.com",
...     },
...     {
...       nombre: "Sarai",
...       apellido: "Perez",
...       curso: "Backend",
...       edad: 33,
...       correo: "sara@gmail.com",
...       genero: "Femenino",
...     },
...     {
...       nombre: "Maria",
...       apellido: "Soriano",
...       correo: "maria@gmail.com",
...     },
...     {
...       nombre: "Tomas",
...       apellido: "Alvarez",
...       curso: "Backend",
...         edad: 25,
...     },
...   ])
{
  acknowledged: true,
  insertedIds: {
    '0': ObjectId("64c05b21155edd23bd7e8d75"),
    '1': ObjectId("64c05b21155edd23bd7e8d76"),
    '2': ObjectId("64c05b21155edd23bd7e8d77"),
    '3': ObjectId("64c05b21155edd23bd7e8d78"),
    '4': ObjectId("64c05b21155edd23bd7e8d79")
  }
}
colegio> db.estudiantes.find({})
[
  {
    _id: ObjectId("64c05121155edd23bd7e8d70"),
    nombre: 'Jhoceliz',
    apellido: 'Gonzalez',
    curso: 'Backend',
    edad: 20,
    correo: 'jhoceliz@gmail.com',
    genero: 'Femenino'
  },
  {
    _id: ObjectId("64c05121155edd23bd7e8d71"),
    nombre: 'Jhon',
    apellido: 'Lopez',
    curso: 'Frontend',
    edad: 5,
    correo: 'jhon@gmail.com',
    genero: 'Masculino'
  },
  {
    _id: ObjectId("64c05121155edd23bd7e8d72"),
    nombre: 'Sandra',
    apellido: 'Garcia',
    curso: 'Backend',
    edad: 30,
    correo: 'sandra@gmail.com',
    genero: 'Femenino'
  },
  {
    _id: ObjectId("64c05121155edd23bd7e8d73"),
    nombre: 'Ivan',
    apellido: 'Ramirez',
    curso: 'Frontend',
    edad: 25,
    correo: 'ivan@gmail.com',
    genero: 'Masculino'
  },
  {
    _id: ObjectId("64c05121155edd23bd7e8d74"),
    nombre: 'Luis',
    apellido: 'Menendez',
    curso: 'Backend'
  },
  {
    _id: ObjectId("64c05b21155edd23bd7e8d75"),
    nombre: 'Walter',
    apellido: 'Maza',
    curso: 'Python',
    edad: 28,
    correo: 'walter@gmail.com',
    genero: 'Masculino'
  },
  {
    _id: ObjectId("64c05b21155edd23bd7e8d76"),
    nombre: 'Alber',
    apellido: 'Lopez',
    curso: 'Cocina',
    edad: 35,
    correo: 'alberto@gmail.com'
  },
  {
    _id: ObjectId("64c05b21155edd23bd7e8d77"),
    nombre: 'Sarai',
    apellido: 'Perez',
    curso: 'Backend',
    edad: 33,
    correo: 'sara@gmail.com',
    genero: 'Femenino'
  },
  {
    _id: ObjectId("64c05b21155edd23bd7e8d78"),
    nombre: 'Maria',
    apellido: 'Soriano',
    correo: 'maria@gmail.com'
  },
  {
    _id: ObjectId("64c05b21155edd23bd7e8d79"),
    nombre: 'Tomas',
    apellido: 'Alvarez',
    curso: 'Backend',
    edad: 25
  }
]
colegio> db.estudiantes.estimatedDocumentCount()
10
colegio> db.estudiantes.find({edad:{$gt:25})
Uncaught:
SyntaxError: Unexpected token, expected "," (1:34)

> 1 | db.estudiantes.find({edad:{$gt:25})
    |                                   ^
  2 |

colegio> db.estudiantes.find({edad:{$gt:25}})
[
  {
    _id: ObjectId("64c05121155edd23bd7e8d72"),
    nombre: 'Sandra',
    apellido: 'Garcia',
    curso: 'Backend',
    edad: 30,
    correo: 'sandra@gmail.com',
    genero: 'Femenino'
  },
  {
    _id: ObjectId("64c05b21155edd23bd7e8d75"),
    nombre: 'Walter',
    apellido: 'Maza',
    curso: 'Python',
    edad: 28,
    correo: 'walter@gmail.com',
    genero: 'Masculino'
  },
  {
    _id: ObjectId("64c05b21155edd23bd7e8d76"),
    nombre: 'Alber',
    apellido: 'Lopez',
    curso: 'Cocina',
    edad: 35,
    correo: 'alberto@gmail.com'
  },
  {
    _id: ObjectId("64c05b21155edd23bd7e8d77"),
    nombre: 'Sarai',
    apellido: 'Perez',
    curso: 'Backend',
    edad: 33,
    correo: 'sara@gmail.com',
    genero: 'Femenino'
  }
]
colegio> db.estudiantes.find({edad:{$gt:25}}).sort(genero:1)
Uncaught:
SyntaxError: Unexpected token, expected "," (1:48)

> 1 | db.estudiantes.find({edad:{$gt:25}}).sort(genero:1)
    |                                                 ^
  2 |

colegio> db.estudiantes.find({edad:{$gt:25}}).sort({genero:1})
[
  {
    _id: ObjectId("64c05b21155edd23bd7e8d76"),
    nombre: 'Alber',
    apellido: 'Lopez',
    curso: 'Cocina',
    edad: 35,
    correo: 'alberto@gmail.com'
  },
  {
    _id: ObjectId("64c05121155edd23bd7e8d72"),
    nombre: 'Sandra',
    apellido: 'Garcia',
    curso: 'Backend',
    edad: 30,
    correo: 'sandra@gmail.com',
    genero: 'Femenino'
  },
  {
    _id: ObjectId("64c05b21155edd23bd7e8d77"),
    nombre: 'Sarai',
    apellido: 'Perez',
    curso: 'Backend',
    edad: 33,
    correo: 'sara@gmail.com',
    genero: 'Femenino'
  },
  {
    _id: ObjectId("64c05b21155edd23bd7e8d75"),
    nombre: 'Walter',
    apellido: 'Maza',
    curso: 'Python',
    edad: 28,
    correo: 'walter@gmail.com',
    genero: 'Masculino'
  }
]
colegio> db.estudiantes.find({edad:{$gt:25}},{nombre:1,apellido:1}).sort({genero:1}).
... 
... db.estudiantes.find({edad:{$gt:25}},{nombre:1,apellido:1}).sort({genero:1}). 
colegio> db.estudiantes.find({edad:{$gt:25}},{nombre:1,apellido:1).sort({genero:1})
Uncaught:
SyntaxError: Unexpected token, expected "," (1:56)

> 1 | db.estudiantes.find({edad:{$gt:25}},{nombre:1,apellido:1).sort({genero:1})
    |                                                         ^
  2 |

colegio> db.estudiantes.find({edad:{$gt:25}},{nombre:1,apellido:1}).sort({genero:1})
[
  {
    _id: ObjectId("64c05b21155edd23bd7e8d76"),
    nombre: 'Alber',
    apellido: 'Lopez'
  },
  {
    _id: ObjectId("64c05121155edd23bd7e8d72"),
    nombre: 'Sandra',
    apellido: 'Garcia'
  },
  {
    _id: ObjectId("64c05b21155edd23bd7e8d77"),
    nombre: 'Sarai',
    apellido: 'Perez'
  },
  {
    _id: ObjectId("64c05b21155edd23bd7e8d75"),
    nombre: 'Walter',
    apellido: 'Maza'
  }
]
colegio> db.estudiantes.find({edad:{$gt:25}},{nombre:1,apellido:1}).sort({genero:1}).skip(2).limit(1)
[
  {
    _id: ObjectId("64c05121155edd23bd7e8d72"),
    nombre: 'Sandra',
    apellido: 'Garcia'
  }
]
colegio> db.estudiantes.find({edad:{$gt:25}},{nombre:1,apellido:1}).sort({genero:1}).skip(2)
[
  {
    _id: ObjectId("64c05b21155edd23bd7e8d77"),
    nombre: 'Sarai',
    apellido: 'Perez'
  },
  {
    _id: ObjectId("64c05b21155edd23bd7e8d75"),
    nombre: 'Walter',
    apellido: 'Maza'
  }
]
colegio> db.estudiantes.find({edad:{$gt:25}},{nombre:1,apellido:1}).sort({genero:1}).skip(2).limit(1)
[
  {
    _id: ObjectId("64c05121155edd23bd7e8d72"),
    nombre: 'Sandra',
    apellido: 'Garcia'
  }
]
colegio> db.estudiantes.find({edad:{$gt:25}},{nombre:1,apellido:1}).sort({genero:1}).limit(1)
[
  {
    _id: ObjectId("64c05b21155edd23bd7e8d76"),
    nombre: 'Alber',
    apellido: 'Lopez'
  }
]
colegio> db.estudiantes.find({edad:{$gt:25}},{nombre:1,apellido:1}).sort({genero:1}).limit(2)
[
  {
    _id: ObjectId("64c05b21155edd23bd7e8d76"),
    nombre: 'Alber',
    apellido: 'Lopez'
  },
  {
    _id: ObjectId("64c05121155edd23bd7e8d72"),
    nombre: 'Sandra',
    apellido: 'Garcia'
  }
]
colegio> db.estudiantes.find({edad:{$gt:25}},{nombre:1,apellido:1}).sort({genero:1}).skip(2)
[
  {
    _id: ObjectId("64c05b21155edd23bd7e8d77"),
    nombre: 'Sarai',
    apellido: 'Perez'
  },
  {
    _id: ObjectId("64c05b21155edd23bd7e8d75"),
    nombre: 'Walter',
    apellido: 'Maza'
  }
]
colegio> db.estudiantes.find({edad:{$gt:25}},{nombre:1,apellido:1}).sort({genero:1}).skip(2).limit(2)
[
  {
    _id: ObjectId("64c05b21155edd23bd7e8d77"),
    nombre: 'Sarai',
    apellido: 'Perez'
  },
  {
    _id: ObjectId("64c05b21155edd23bd7e8d75"),
    nombre: 'Walter',
    apellido: 'Maza'
  }
]
colegio> db.estudiantes.find({edad:{$gt:25}},{nombre:1,apellido:1}).sort({genero:1}).skip(2).limit(1)
[
  {
    _id: ObjectId("64c05121155edd23bd7e8d72"),
    nombre: 'Sandra',
    apellido: 'Garcia'
  }
]
colegio> db.estudiantes.find({edad:{$gt:25}},{nombre:1,apellido:1}).sort({genero:1}).skip(2).limit(2)
[
  {
    _id: ObjectId("64c05b21155edd23bd7e8d77"),
    nombre: 'Sarai',
    apellido: 'Perez'
  },
  {
    _id: ObjectId("64c05b21155edd23bd7e8d75"),
    nombre: 'Walter',
    apellido: 'Maza'
  }
]
colegio> db.estudiantes.find({edad:{$gt:25}},{nombre:1,apellido:1}).sort({genero:1}).skip(2).limit(3)
[
  {
    _id: ObjectId("64c05b21155edd23bd7e8d77"),
    nombre: 'Sarai',
    apellido: 'Perez'
  },
  {
    _id: ObjectId("64c05b21155edd23bd7e8d75"),
    nombre: 'Walter',
    apellido: 'Maza'
  }
]
colegio> db.estudiantes.find({edad:{$gt:25}},{nombre:1,apellido:1}).sort({genero:1}).skip(2).limit(1)
[
  {
    _id: ObjectId("64c05121155edd23bd7e8d72"),
    nombre: 'Sandra',
    apellido: 'Garcia'
  }
]
colegio> db.estudiantes.find({edad:{$gt:25}},{nombre:1,apellido:1}).sort({genero:1}).skip(2)
[
  {
    _id: ObjectId("64c05b21155edd23bd7e8d77"),
    nombre: 'Sarai',
    apellido: 'Perez'
  },
  {
    _id: ObjectId("64c05b21155edd23bd7e8d75"),
    nombre: 'Walter',
    apellido: 'Maza'
  }
]
colegio> db.estudiantes.find({edad:{$gt:25}},{nombre:1,apellido:1}).sort({genero:1}).skip(2).limit(0)
[
  {
    _id: ObjectId("64c05b21155edd23bd7e8d77"),
    nombre: 'Sarai',
    apellido: 'Perez'
  },
  {
    _id: ObjectId("64c05b21155edd23bd7e8d75"),
    nombre: 'Walter',
    apellido: 'Maza'
  }
]
colegio> db.estudiantes.find({edad:{$gt:25}},{nombre:1,apellido:1}).sort({genero:1}).skip(2).limit(1)
[
  {
    _id: ObjectId("64c05121155edd23bd7e8d72"),
    nombre: 'Sandra',
    apellido: 'Garcia'
  }
]
colegio> db.estudiantes.find({edad:{$gt:25}},{nombre:1,apellido:1}).sort({genero:1}).skip(2).limit(2)
[
  {
    _id: ObjectId("64c05b21155edd23bd7e8d77"),
    nombre: 'Sarai',
    apellido: 'Perez'
  },
  {
    _id: ObjectId("64c05b21155edd23bd7e8d75"),
    nombre: 'Walter',
    apellido: 'Maza'
  }
]
colegio> db.estudiantes.find({edad:{$gt:25}},{nombre:1,apellido:1}).sort({genero:1}).skip(1).limit(1)
[
  {
    _id: ObjectId("64c05121155edd23bd7e8d72"),
    nombre: 'Sandra',
    apellido: 'Garcia'
  }
]
colegio> db.estudiantes.find({edad:{$gt:25}},{nombre:1,apellido:1}).sort({genero:1}).skip(1)
[
  {
    _id: ObjectId("64c05121155edd23bd7e8d72"),
    nombre: 'Sandra',
    apellido: 'Garcia'
  },
  {
    _id: ObjectId("64c05b21155edd23bd7e8d77"),
    nombre: 'Sarai',
    apellido: 'Perez'
  },
  {
    _id: ObjectId("64c05b21155edd23bd7e8d75"),
    nombre: 'Walter',
    apellido: 'Maza'
  }
]
colegio> db.estudiantes.find({edad:{$gt:25}},{nombre:1,apellido:1}).sort({genero:1}).skip(1).limit(2)
[
  {
    _id: ObjectId("64c05b21155edd23bd7e8d77"),
    nombre: 'Sarai',
    apellido: 'Perez'
  },
  {
    _id: ObjectId("64c05121155edd23bd7e8d72"),
    nombre: 'Sandra',
    apellido: 'Garcia'
  }
]
colegio> db.estudiantes.find({edad:{$gt:25}},{nombre:1,apellido:1}).sort({genero:1}).skip(1)
[
  {
    _id: ObjectId("64c05121155edd23bd7e8d72"),
    nombre: 'Sandra',
    apellido: 'Garcia'
  },
  {
    _id: ObjectId("64c05b21155edd23bd7e8d77"),
    nombre: 'Sarai',
    apellido: 'Perez'
  },
  {
    _id: ObjectId("64c05b21155edd23bd7e8d75"),
    nombre: 'Walter',
    apellido: 'Maza'
  }
]
colegio> db.estudiantes.updateOne({_id:"64c05121155edd23bd7e8d72",{nombre:"Sandrita",apellido:"Gonzalez",edad:25}
Uncaught:
SyntaxError: Unexpected token (1:57)

> 1 | db.estudiantes.updateOne({_id:"64c05121155edd23bd7e8d72",{nombre:"Sandrita",apellido:"Gonzalez",edad:25}
    |                                                          ^
  2 |

colegio> db.estudiantes.updateOne({_id:"64c05121155edd23bd7e8d72",{nombre:"Sandrita",apellido:"Gonzalez",edad:25})
Uncaught:
SyntaxError: Unexpected token (1:57)

> 1 | db.estudiantes.updateOne({_id:"64c05121155edd23bd7e8d72",{nombre:"Sandrita",apellido:"Gonzalez",edad:25})
    |                                                          ^
  2 |

colegio> db.estudiantes.updateOne({_id:"64c05121155edd23bd7e8d72"},{nombre:"Sandrita",apellido:"Gonzalez",edad:25})
MongoInvalidArgumentError: Update document requires atomic operators
colegio> db.estudiantes.updateOne({_id:"64c05121155edd23bd7e8d72"},{$set:{nombre:"Sandrita",apellido:"Gonzalez",edad:25}})
{
  acknowledged: true,
  insertedId: null,
  matchedCount: 0,
  modifiedCount: 0,
  upsertedCount: 0
}
colegio> db.estudiantes.find({_id:"64c05121155edd23bd7e8d72"})

colegio> db.estudiantes.find({})
[
  {
    _id: ObjectId("64c05121155edd23bd7e8d70"),
    nombre: 'Jhoceliz',
    apellido: 'Gonzalez',
    curso: 'Backend',
    edad: 20,
    correo: 'jhoceliz@gmail.com',
    genero: 'Femenino'
  },
  {
    _id: ObjectId("64c05121155edd23bd7e8d71"),
    nombre: 'Jhon',
    apellido: 'Lopez',
    curso: 'Frontend',
    edad: 5,
    correo: 'jhon@gmail.com',
    genero: 'Masculino'
  },
  {
    _id: ObjectId("64c05121155edd23bd7e8d72"),
    nombre: 'Sandra',
    apellido: 'Garcia',
    curso: 'Backend',
    edad: 30,
    correo: 'sandra@gmail.com',
    genero: 'Femenino'
  },
  {
    _id: ObjectId("64c05121155edd23bd7e8d73"),
    nombre: 'Ivan',
    apellido: 'Ramirez',
    curso: 'Frontend',
    edad: 25,
    correo: 'ivan@gmail.com',
    genero: 'Masculino'
  },
  {
    _id: ObjectId("64c05121155edd23bd7e8d74"),
    nombre: 'Luis',
    apellido: 'Menendez',
    curso: 'Backend'
  },
  {
    _id: ObjectId("64c05b21155edd23bd7e8d75"),
    nombre: 'Walter',
    apellido: 'Maza',
    curso: 'Python',
    edad: 28,
    correo: 'walter@gmail.com',
    genero: 'Masculino'
  },
  {
    _id: ObjectId("64c05b21155edd23bd7e8d76"),
    nombre: 'Alber',
    apellido: 'Lopez',
    curso: 'Cocina',
    edad: 35,
    correo: 'alberto@gmail.com'
  },
  {
    _id: ObjectId("64c05b21155edd23bd7e8d77"),
    nombre: 'Sarai',
    apellido: 'Perez',
    curso: 'Backend',
    edad: 33,
    correo: 'sara@gmail.com',
    genero: 'Femenino'
  },
  {
    _id: ObjectId("64c05b21155edd23bd7e8d78"),
    nombre: 'Maria',
    apellido: 'Soriano',
    correo: 'maria@gmail.com'
  },
  {
    _id: ObjectId("64c05b21155edd23bd7e8d79"),
    nombre: 'Tomas',
    apellido: 'Alvarez',
    curso: 'Backend',
    edad: 25
  }
]
colegio> db.estudiantes.updateOne({nombre:"Sandra"},{$set:{nombre:"Sandrita",apellido:"Gonzalez",edad:25}})
{
  acknowledged: true,
  insertedId: null,
  matchedCount: 1,
  modifiedCount: 1,
  upsertedCount: 0
}
colegio> db.estudiantes.find({})
[
  {
    _id: ObjectId("64c05121155edd23bd7e8d70"),
    nombre: 'Jhoceliz',
    apellido: 'Gonzalez',
    curso: 'Backend',
    edad: 20,
    correo: 'jhoceliz@gmail.com',
    genero: 'Femenino'
  },
  {
    _id: ObjectId("64c05121155edd23bd7e8d71"),
    nombre: 'Jhon',
    apellido: 'Lopez',
    curso: 'Frontend',
    edad: 5,
    correo: 'jhon@gmail.com',
    genero: 'Masculino'
  },
  {
    _id: ObjectId("64c05121155edd23bd7e8d72"),
    nombre: 'Sandrita',
    apellido: 'Gonzalez',
    curso: 'Backend',
    edad: 25,
    correo: 'sandra@gmail.com',
    genero: 'Femenino'
  },
  {
    _id: ObjectId("64c05121155edd23bd7e8d73"),
    nombre: 'Ivan',
    apellido: 'Ramirez',
    curso: 'Frontend',
    edad: 25,
    correo: 'ivan@gmail.com',
    genero: 'Masculino'
  },
  {
    _id: ObjectId("64c05121155edd23bd7e8d74"),
    nombre: 'Luis',
    apellido: 'Menendez',
    curso: 'Backend'
  },
  {
    _id: ObjectId("64c05b21155edd23bd7e8d75"),
    nombre: 'Walter',
    apellido: 'Maza',
    curso: 'Python',
    edad: 28,
    correo: 'walter@gmail.com',
    genero: 'Masculino'
  },
  {
    _id: ObjectId("64c05b21155edd23bd7e8d76"),
    nombre: 'Alber',
    apellido: 'Lopez',
    curso: 'Cocina',
    edad: 35,
    correo: 'alberto@gmail.com'
  },
  {
    _id: ObjectId("64c05b21155edd23bd7e8d77"),
    nombre: 'Sarai',
    apellido: 'Perez',
    curso: 'Backend',
    edad: 33,
    correo: 'sara@gmail.com',
    genero: 'Femenino'
  },
  {
    _id: ObjectId("64c05b21155edd23bd7e8d78"),
    nombre: 'Maria',
    apellido: 'Soriano',
    correo: 'maria@gmail.com'
  },
  {
    _id: ObjectId("64c05b21155edd23bd7e8d79"),
    nombre: 'Tomas',
    apellido: 'Alvarez',
    curso: 'Backend',
    edad: 25
  }
]
colegio> db.estudiantes.find
db.estudiantes.find               db.estudiantes.findOne
db.estudiantes.findOneAndDelete   db.estudiantes.findOneAndReplace
db.estudiantes.findOneAndUpdate

colegio> db.estudiantes.find
db.estudiantes.find               db.estudiantes.findOne
db.estudiantes.findOneAndDelete   db.estudiantes.findOneAndReplace
db.estudiantes.findOneAndUpdate

colegio> db.estudiantes.updateOne({nombre:"Tomas"},{$inc:{edad:5}})
{
  acknowledged: true,
  insertedId: null,
  matchedCount: 1,
  modifiedCount: 1,
  upsertedCount: 0
}
colegio> db.estudiantes.find({nombre:"})
Uncaught:
SyntaxError: Unterminated string constant. (1:28)

> 1 | db.estudiantes.find({nombre:"})
    |                             ^
  2 |

colegio> db.estudiantes.find({nombre:"Tomas"})
[
  {
    _id: ObjectId("64c05b21155edd23bd7e8d79"),
    nombre: 'Tomas',
    apellido: 'Alvarez',
    curso: 'Backend',
    edad: 30
  }
]
colegio> db.estudiantes.find({nombre:"Tomas",{$set:{correo:"tomas@gmail.com"}})
Uncaught:
SyntaxError: Unexpected token (1:36)

> 1 | db.estudiantes.find({nombre:"Tomas",{$set:{correo:"tomas@gmail.com"}})
    |                                     ^
  2 |

colegio> db.estudiantes.find({nombre:"Tomas"},{$set:{correo:"tomas@gmail.com"}}) 
MongoServerError: FieldPath field names may not start with '$'. Consider using $getField or $setField.
colegio> db.estudiantes.find({nombre:"Tomas"},{$setField:{correo:"tomas@gmail.com"}})
MongoServerError: FieldPath field names may not start with '$'. Consider using $getField or $setField.
colegio> db.estudiantes.find({nombre:"Tomas"},{$rename:{"edad":"anios"}})
MongoServerError: FieldPath field names may not start with '$'. Consider using $getField or $setField.
colegio> db.estudiantes.updateOne({nombre:"Tomas"},{$rename:{"edad":"anios"}})
{
  acknowledged: true,
  insertedId: null,
  matchedCount: 1,
  modifiedCount: 1,
  upsertedCount: 0
}
colegio> db.estudiantes.find({nombre:"Tomas"},{$setField:{correo:"tomas@gmail
Uncaught:
SyntaxError: Unterminated string constant. (1:56)

> 1 | db.estudiantes.find({nombre:"Tomas"},{$setField:{correo:"tomas@gmail
    |                                                         ^
  2 |

colegio> db.estudiantes.updateOne({nombre:"Tomas"},{$set:{correo:"tomas@gmail.com"}})
{
  acknowledged: true,
  insertedId: null,
  matchedCount: 1,
  modifiedCount: 1,
  upsertedCount: 0
}
colegio> db.estudiantes.find({nombre:"Tomas"})
[
  {
    _id: ObjectId("64c05b21155edd23bd7e8d79"),
    nombre: 'Tomas',
    apellido: 'Alvarez',
    curso: 'Backend',
    anios: 30,
    correo: 'tomas@gmail.com'
  }
]
colegio> db.estudiantes.deleteOne({nombre:"Sandrita"})
{ acknowledged: true, deletedCount: 1 }
colegio> db.estudiantes.deleteMany({edad:{$lt:18}})
{ acknowledged: true, deletedCount: 1 }
colegio> db.estudiantes.deleteMany({edad:{$lt:25}})
{ acknowledged: true, deletedCount: 1 }
colegio> db.estudiantes.deleteMany({edad:{$lte:27}})
{ acknowledged: true, deletedCount: 1 }
colegio> db.estudiantes.find({})
[
  {
    _id: ObjectId("64c05121155edd23bd7e8d74"),
    nombre: 'Luis',
    apellido: 'Menendez',
    curso: 'Backend'
  },
  {
    _id: ObjectId("64c05b21155edd23bd7e8d75"),
    nombre: 'Walter',
    apellido: 'Maza',
    curso: 'Python',
    edad: 28,
    correo: 'walter@gmail.com',
    genero: 'Masculino'
  },
  {
    _id: ObjectId("64c05b21155edd23bd7e8d76"),
    nombre: 'Alber',
    apellido: 'Lopez',
    curso: 'Cocina',
    edad: 35,
    correo: 'alberto@gmail.com'
  },
  {
    _id: ObjectId("64c05b21155edd23bd7e8d77"),
    nombre: 'Sarai',
    apellido: 'Perez',
    curso: 'Backend',
    edad: 33,
    correo: 'sara@gmail.com',
    genero: 'Femenino'
  },
  {
    _id: ObjectId("64c05b21155edd23bd7e8d78"),
    nombre: 'Maria',
    apellido: 'Soriano',
    correo: 'maria@gmail.com'
  },
  {
    _id: ObjectId("64c05b21155edd23bd7e8d79"),
    nombre: 'Tomas',
    apellido: 'Alvarez',
    curso: 'Backend',
    anios: 30,
    correo: 'tomas@gmail.com'
  }
]
colegio> db.estudiantes.deleteMany({edad:{$lte:33}})
{ acknowledged: true, deletedCount: 2 }
colegio> db.estudiantes.insertMany([
...     {
...       nombre: "Walter",
...       apellido: "Maza",
...       curso: "Python",
...       edad: 28,
...       correo: "walter@gmail.com",
...       genero: "Masculino",
...     },
...     {
...       nombre: "Alber",
...       apellido: "Lopez",
...       curso: "Cocina",
...       edad: 35,
...       correo: "alberto@gmail.com",
...     },
...     {
...       nombre: "Sarai",
...       apellido: "Perez",
...       curso: "Backend",
...       edad: 33,
...       correo: "sara@gmail.com",
...       genero: "Femenino",
...     },
...     {
...       nombre: "Maria",
...       apellido: "Soriano",
...       correo: "maria@gmail.com",
...     },
...     {
...       nombre: "Tomas",
...       apellido: "Alvarez",
...       curso: "Backend",
...         edad: 25,
...     },
...   ])
{
  acknowledged: true,
  insertedIds: {
    '0': ObjectId("64c0613d155edd23bd7e8d7a"),
    '1': ObjectId("64c0613d155edd23bd7e8d7b"),
    '2': ObjectId("64c0613d155edd23bd7e8d7c"),
    '3': ObjectId("64c0613d155edd23bd7e8d7d"),
    '4': ObjectId("64c0613d155edd23bd7e8d7e")
  }
}
colegio> db.estudiantes.insertMany([
...   {
...     nombre: "Jhoceliz",
...     apellido: "Gonzalez",
...     curso: "Backend",
...     edad: 20,
...     correo: "jhoceliz@gmail.com",
...     genero: "Femenino",
...   },
...   {
...     nombre: "Jhon",
...     apellido: "Lopez",
...     curso: "Frontend",
...     edad: 5,
...     correo: "jhon@gmail.com",
...     genero: "Masculino",
...   },
...   {
...     nombre: "Sandra",
...     apellido: "Garcia",
...     curso: "Backend",
...     edad: 30,
...     correo: "sandra@gmail.com",
...     genero: "Femenino",
...   },
...   {
...     nombre: "Ivan",
...     apellido: "Ramirez",
...     curso: "Frontend",
...     edad: 25,
...     correo: "ivan@gmail.com",
...     genero: "Masculino",
...   },
...   {
...     nombre: "Luis",
...     apellido: "Menendez",
...     curso: "Backend",
...   },
... ])
{
  acknowledged: true,
  insertedIds: {
    '0': ObjectId("64c0615b155edd23bd7e8d7f"),
    '1': ObjectId("64c0615b155edd23bd7e8d80"),
    '2': ObjectId("64c0615b155edd23bd7e8d81"),
    '3': ObjectId("64c0615b155edd23bd7e8d82"),
    '4': ObjectId("64c0615b155edd23bd7e8d83")
  }
}
colegio> db.estudiantes.find({}).sort(edad:1).limit(1)
Uncaught:
SyntaxError: Unexpected token, expected "," (1:33)

> 1 | db.estudiantes.find({}).sort(edad:1).limit(1)
    |                                  ^
  2 |

colegio> db.estudiantes.find({}).sort({edad:1}).limit(1)
[
  {
    _id: ObjectId("64c05121155edd23bd7e8d74"),
    nombre: 'Luis',
    apellido: 'Menendez',
    curso: 'Backend'
  }
]
colegio> db.estudiantes.deleteMany({edad:null})
{ acknowledged: true, deletedCount: 5 }
colegio> db.estudiantes.find({}).sort(edad:1).limit(1)
Uncaught:
SyntaxError: Unexpected token, expected "," (1:33)

> 1 | db.estudiantes.find({}).sort(edad:1).limit(1)
    |                                  ^
  2 |

colegio> db.estudiantes.find({}).sort({edad:1}).limit(1)
[
  {
    _id: ObjectId("64c0615b155edd23bd7e8d80"),
    nombre: 'Jhon',
    apellido: 'Lopez',
    curso: 'Frontend',
    edad: 5,
    correo: 'jhon@gmail.com',
    genero: 'Masculino'
  }
]
colegio> db.estudiantes.find({}).sort({edad:1}).skip(1).limit(1)
[
  {
    _id: ObjectId("64c0615b155edd23bd7e8d7f"),
    nombre: 'Jhoceliz',
    apellido: 'Gonzalez',
    curso: 'Backend',
    edad: 20,
    correo: 'jhoceliz@gmail.com',
    genero: 'Femenino'
  }
]
colegio> db.estudiantes.find({}).sort({edad:1})
[
  {
    _id: ObjectId("64c0615b155edd23bd7e8d80"),
    nombre: 'Jhon',
    apellido: 'Lopez',
    curso: 'Frontend',
    edad: 5,
    correo: 'jhon@gmail.com',
    genero: 'Masculino'
  },
  {
    _id: ObjectId("64c0615b155edd23bd7e8d7f"),
    nombre: 'Jhoceliz',
    apellido: 'Gonzalez',
    curso: 'Backend',
    edad: 20,
    correo: 'jhoceliz@gmail.com',
    genero: 'Femenino'
  },
  {
    _id: ObjectId("64c0613d155edd23bd7e8d7e"),
    nombre: 'Tomas',
    apellido: 'Alvarez',
    curso: 'Backend',
    edad: 25
  },
  {
    _id: ObjectId("64c0615b155edd23bd7e8d82"),
    nombre: 'Ivan',
    apellido: 'Ramirez',
    curso: 'Frontend',
    edad: 25,
    correo: 'ivan@gmail.com',
    genero: 'Masculino'
  },
  {
    _id: ObjectId("64c0613d155edd23bd7e8d7a"),
    nombre: 'Walter',
    apellido: 'Maza',
    curso: 'Python',
    edad: 28,
    correo: 'walter@gmail.com',
    genero: 'Masculino'
  },
  {
    _id: ObjectId("64c0615b155edd23bd7e8d81"),
    nombre: 'Sandra',
    apellido: 'Garcia',
    curso: 'Backend',
    edad: 30,
    correo: 'sandra@gmail.com',
    genero: 'Femenino'
  },
  {
    _id: ObjectId("64c0613d155edd23bd7e8d7c"),
    nombre: 'Sarai',
    apellido: 'Perez',
    curso: 'Backend',
    edad: 33,
    correo: 'sara@gmail.com',
    genero: 'Femenino'
  },
  {
    _id: ObjectId("64c05b21155edd23bd7e8d76"),
    nombre: 'Alber',
    apellido: 'Lopez',
    curso: 'Cocina',
    edad: 35,
    correo: 'alberto@gmail.com'
  },
  {
    _id: ObjectId("64c0613d155edd23bd7e8d7b"),
    nombre: 'Alber',
    apellido: 'Lopez',
    curso: 'Cocina',
    edad: 35,
    correo: 'alberto@gmail.com'
  }
]
colegio> db.estudiantes.find({apellido:"Lopez"})
[
  {
    _id: ObjectId("64c05b21155edd23bd7e8d76"),
    nombre: 'Alber',
    apellido: 'Lopez',
    curso: 'Cocina',
    edad: 35,
    correo: 'alberto@gmail.com'
  },
  {
    _id: ObjectId("64c0613d155edd23bd7e8d7b"),
    nombre: 'Alber',
    apellido: 'Lopez',
    curso: 'Cocina',
    edad: 35,
    correo: 'alberto@gmail.com'
  },
  {
    _id: ObjectId("64c0615b155edd23bd7e8d80"),
    nombre: 'Jhon',
    apellido: 'Lopez',
    curso: 'Frontend',
    edad: 5,
    correo: 'jhon@gmail.com',
    genero: 'Masculino'
  }
]
colegio> db.estudiantes.find({$and:[{apellido:"Lopez"},{edad:{$gt:30}}]}
... )
[
  {
    _id: ObjectId("64c05b21155edd23bd7e8d76"),
    nombre: 'Alber',
    apellido: 'Lopez',
    curso: 'Cocina',
    edad: 35,
    correo: 'alberto@gmail.com'
  },
  {
    _id: ObjectId("64c0613d155edd23bd7e8d7b"),
    nombre: 'Alber',
    apellido: 'Lopez',
    curso: 'Cocina',
    edad: 35,
    correo: 'alberto@gmail.com'
  }
]
colegio> db.estudiantes.find({ $or: [{ apellido: "Lopez" }, { nombre:"Jhoceliz" } }] } )
Uncaught:
SyntaxError: Unexpected token, expected "," (1:73)

> 1 | db.estudiantes.find({ $or: [{ apellido: "Lopez" }, { nombre:"Jhoceliz" } }] } )
    |                                                                          ^
  2 |

colegio> db.estudiantes.find({ $or: [{ apellido: "Lopez" }, { nombre:"Jhoceliz"}]})
[
  {
    _id: ObjectId("64c05b21155edd23bd7e8d76"),
    nombre: 'Alber',
    apellido: 'Lopez',
    curso: 'Cocina',
    edad: 35,
    correo: 'alberto@gmail.com'
  },
  {
    _id: ObjectId("64c0613d155edd23bd7e8d7b"),
    nombre: 'Alber',
    apellido: 'Lopez',
    curso: 'Cocina',
    edad: 35,
    correo: 'alberto@gmail.com'
  },
  {
    _id: ObjectId("64c0615b155edd23bd7e8d7f"),
    nombre: 'Jhoceliz',
    apellido: 'Gonzalez',
    curso: 'Backend',
    edad: 20,
    correo: 'jhoceliz@gmail.com',
    genero: 'Femenino'
  },
  {
    _id: ObjectId("64c0615b155edd23bd7e8d80"),
    nombre: 'Jhon',
    apellido: 'Lopez',
    curso: 'Frontend',
    edad: 5,
    correo: 'jhon@gmail.com',
    genero: 'Masculino'
  }
]
colegio> db.estudiantes.find( { edad: { $lte: 25 } } )
[
  {
    _id: ObjectId("64c0613d155edd23bd7e8d7e"),
    nombre: 'Tomas',
    apellido: 'Alvarez',
    curso: 'Backend',
    edad: 25
  },
  {
    _id: ObjectId("64c0615b155edd23bd7e8d7f"),
    nombre: 'Jhoceliz',
    apellido: 'Gonzalez',
    curso: 'Backend',
    edad: 20,
    correo: 'jhoceliz@gmail.com',
    genero: 'Femenino'
  },
  {
    _id: ObjectId("64c0615b155edd23bd7e8d80"),
    nombre: 'Jhon',
    apellido: 'Lopez',
    curso: 'Frontend',
    edad: 5,
    correo: 'jhon@gmail.com',
    genero: 'Masculino'
  },
  {
    _id: ObjectId("64c0615b155edd23bd7e8d82"),
    nombre: 'Ivan',
    apellido: 'Ramirez',
    curso: 'Frontend',
    edad: 25,
    correo: 'ivan@gmail.com',
    genero: 'Masculino'
  }
]
colegio> db.estudiantes.find( { edad: { $ne: 25 } } )
[
  {
    _id: ObjectId("64c05b21155edd23bd7e8d76"),
    nombre: 'Alber',
    apellido: 'Lopez',
    curso: 'Cocina',
    edad: 35,
    correo: 'alberto@gmail.com'
  },
  {
    _id: ObjectId("64c0613d155edd23bd7e8d7a"),
    nombre: 'Walter',
    apellido: 'Maza',
    curso: 'Python',
    edad: 28,
    correo: 'walter@gmail.com',
    genero: 'Masculino'
  },
  {
    _id: ObjectId("64c0613d155edd23bd7e8d7b"),
    nombre: 'Alber',
    apellido: 'Lopez',
    curso: 'Cocina',
    edad: 35,
    correo: 'alberto@gmail.com'
  },
  {
    _id: ObjectId("64c0613d155edd23bd7e8d7c"),
    nombre: 'Sarai',
    apellido: 'Perez',
    curso: 'Backend',
    edad: 33,
    correo: 'sara@gmail.com',
    genero: 'Femenino'
  },
  {
    _id: ObjectId("64c0615b155edd23bd7e8d7f"),
    nombre: 'Jhoceliz',
    apellido: 'Gonzalez',
    curso: 'Backend',
    edad: 20,
    correo: 'jhoceliz@gmail.com',
    genero: 'Femenino'
  },
  {
    _id: ObjectId("64c0615b155edd23bd7e8d80"),
    nombre: 'Jhon',
    apellido: 'Lopez',
    curso: 'Frontend',
    edad: 5,
    correo: 'jhon@gmail.com',
    genero: 'Masculino'
  },
  {
    _id: ObjectId("64c0615b155edd23bd7e8d81"),
    nombre: 'Sandra',
    apellido: 'Garcia',
    curso: 'Backend',
    edad: 30,
    correo: 'sandra@gmail.com',
    genero: 'Femenino'
  }
]
colegio> db.estudiantes.find({ $and: [{edad: {$gt:26 }, { edad: { $lt: 40 } }] } )
Uncaught:
SyntaxError: Unexpected token (1:47)

> 1 | db.estudiantes.find({ $and: [{edad: {$gt:26 }, { edad: { $lt: 40 } }] } )
    |                                                ^
  2 |

colegio> db.estudiantes.find({ $and: [{edad: {$gt:26 }}, { edad: { $lt: 40 } }] } )
[
  {
    _id: ObjectId("64c05b21155edd23bd7e8d76"),
    nombre: 'Alber',
    apellido: 'Lopez',
    curso: 'Cocina',
    edad: 35,
    correo: 'alberto@gmail.com'
  },
  {
    _id: ObjectId("64c0613d155edd23bd7e8d7a"),
    nombre: 'Walter',
    apellido: 'Maza',
    curso: 'Python',
    edad: 28,
    correo: 'walter@gmail.com',
    genero: 'Masculino'
  },
  {
    _id: ObjectId("64c0613d155edd23bd7e8d7b"),
    nombre: 'Alber',
    apellido: 'Lopez',
    curso: 'Cocina',
    edad: 35,
    correo: 'alberto@gmail.com'
  },
  {
    _id: ObjectId("64c0613d155edd23bd7e8d7c"),
    nombre: 'Sarai',
    apellido: 'Perez',
    curso: 'Backend',
    edad: 33,
    correo: 'sara@gmail.com',
    genero: 'Femenino'
  },
  {
    _id: ObjectId("64c0615b155edd23bd7e8d81"),
    nombre: 'Sandra',
    apellido: 'Garcia',
    curso: 'Backend',
    edad: 30,
    correo: 'sandra@gmail.com',
    genero: 'Femenino'
  }
]
colegio> db.estudiantes.updateOne({nombre:'Sarai'},{$set:{edad:23}})
{
  acknowledged: true,
  insertedId: null,
  matchedCount: 1,
  modifiedCount: 1,
  upsertedCount: 0
}
colegio> db.estudiantes.findOne({nombre:'Sarai'})
{
  _id: ObjectId("64c0613d155edd23bd7e8d7c"),
  nombre: 'Sarai',
  apellido: 'Perez',
  curso: 'Backend',
  edad: 23,
  correo: 'sara@gmail.com',
  genero: 'Femenino'
}
colegio> db.estudiantes.updateMany({edad:25},{$set:{edad:26}})
{
  acknowledged: true,
  insertedId: null,
  matchedCount: 2,
  modifiedCount: 2,
  upsertedCount: 0
}
colegio> db.estudiantes.deleteMany({nombre:'Alber'})
{ acknowledged: true, deletedCount: 2 }
colegio> db.drop
db.dropDatabase  db.dropUser      db.dropAllUsers  db.dropRole
db.dropAllRoles

colegio> db.drop
db.dropDatabase  db.dropUser      db.dropAllUsers  db.dropRole
db.dropAllRoles

colegio> db.estudiantes.drop()
true
colegio> db.estudiantes.find({})

colegio> 
